Component: ARM Compiler 5.05 update 1 (build 106) Tool: armlink [4d0efa]

==============================================================================

Section Cross References

    main.o(i.main) refers to spi1.o(i.SPI1_Init) for SPI1_Init
    main.o(i.main) refers to spi2.o(i.SPI2_Init) for SPI2_Init
    main.o(i.main) refers to rtc.o(i.RTC_Init) for RTC_Init
    main.o(i.main) refers to 24cxx.o(i.AT24CXX_Init) for AT24CXX_Init
    main.o(i.main) refers to misc.o(i.NVIC_PriorityGroupConfig) for NVIC_PriorityGroupConfig
    main.o(i.main) refers to spi2.o(i.ResetATT7022) for ResetATT7022
    main.o(i.main) refers to commo.o(i.GetId) for GetId
    main.o(i.main) refers to 24cxx.o(i.AT24CXX_Check) for AT24CXX_Check
    main.o(i.main) refers to thread.o(i.rt_thread_mdelay) for rt_thread_mdelay
    main.o(i.main) refers to 24cxx.o(i.AT24CXX_Read) for AT24CXX_Read
    main.o(i.main) refers to spi2.o(i.ClearAdjustRegister) for ClearAdjustRegister
    main.o(i.main) refers to spi2.o(i.WriteAdjustRegister) for WriteAdjustRegister
    main.o(i.main) refers to spi2.o(i.ConfigAdjustRegister) for ConfigAdjustRegister
    main.o(i.main) refers to ipc.o(i.rt_sem_create) for rt_sem_create
    main.o(i.main) refers to thread.o(i.rt_thread_create) for rt_thread_create
    main.o(i.main) refers to thread.o(i.rt_thread_startup) for rt_thread_startup
    main.o(i.main) refers to commo.o(.data) for AdjSta
    main.o(i.main) refers to spi2.o(.bss) for type_att_para2
    main.o(i.main) refers to main.o(.data) for dynamic_sem
    main.o(i.main) refers to main.o(i.thread_entry_fram) for thread_entry_fram
    main.o(i.main) refers to main.o(i.thread_entry_updata) for thread_entry_updata
    main.o(i.thread_entry_fram) refers to ipc.o(i.rt_sem_take) for rt_sem_take
    main.o(i.thread_entry_fram) refers to spi1writeread.o(i.FramRec) for FramRec
    main.o(i.thread_entry_fram) refers to main.o(.data) for dynamic_sem
    main.o(i.thread_entry_updata) refers to commo.o(i.UpdateAc_real1) for UpdateAc_real1
    main.o(i.thread_entry_updata) refers to commo.o(i.UpdateAc_real2) for UpdateAc_real2
    main.o(i.thread_entry_updata) refers to spi1writeread.o(i.StartAdj) for StartAdj
    main.o(i.thread_entry_updata) refers to main.o(.data) for adj_flag
    main.o(i.thread_entry_updata) refers to spi1writeread.o(.data) for adj_m
    system_stm32f10x.o(i.SetSysClock) refers to system_stm32f10x.o(i.SetSysClockTo72) for SetSysClockTo72
    system_stm32f10x.o(i.SystemCoreClockUpdate) refers to system_stm32f10x.o(.data) for SystemCoreClock
    system_stm32f10x.o(i.SystemInit) refers to system_stm32f10x.o(i.SetSysClock) for SetSysClock
    startup_stm32f10x_hd.o(STACK) refers (Special) to heapauxi.o(.text) for __use_two_region_memory
    startup_stm32f10x_hd.o(HEAP) refers (Special) to heapauxi.o(.text) for __use_two_region_memory
    startup_stm32f10x_hd.o(RESET) refers (Special) to heapauxi.o(.text) for __use_two_region_memory
    startup_stm32f10x_hd.o(RESET) refers to startup_stm32f10x_hd.o(STACK) for __initial_sp
    startup_stm32f10x_hd.o(RESET) refers to startup_stm32f10x_hd.o(.text) for Reset_Handler
    startup_stm32f10x_hd.o(RESET) refers to stm32f10x_it.o(i.NMI_Handler) for NMI_Handler
    startup_stm32f10x_hd.o(RESET) refers to context_rvds.o(.text) for HardFault_Handler
    startup_stm32f10x_hd.o(RESET) refers to stm32f10x_it.o(i.MemManage_Handler) for MemManage_Handler
    startup_stm32f10x_hd.o(RESET) refers to stm32f10x_it.o(i.BusFault_Handler) for BusFault_Handler
    startup_stm32f10x_hd.o(RESET) refers to stm32f10x_it.o(i.UsageFault_Handler) for UsageFault_Handler
    startup_stm32f10x_hd.o(RESET) refers to stm32f10x_it.o(i.SVC_Handler) for SVC_Handler
    startup_stm32f10x_hd.o(RESET) refers to stm32f10x_it.o(i.DebugMon_Handler) for DebugMon_Handler
    startup_stm32f10x_hd.o(RESET) refers to board.o(i.SysTick_Handler) for SysTick_Handler
    startup_stm32f10x_hd.o(RESET) refers to spi1.o(i.DMA1_Channel2_IRQHandler) for DMA1_Channel2_IRQHandler
    startup_stm32f10x_hd.o(.text) refers (Special) to heapauxi.o(.text) for __use_two_region_memory
    startup_stm32f10x_hd.o(.text) refers to system_stm32f10x.o(i.SystemInit) for SystemInit
    startup_stm32f10x_hd.o(.text) refers to __main.o(!!!main) for __main
    startup_stm32f10x_hd.o(.text) refers to startup_stm32f10x_hd.o(HEAP) for Heap_Mem
    startup_stm32f10x_hd.o(.text) refers to startup_stm32f10x_hd.o(STACK) for Stack_Mem
    stm32f10x_adc.o(i.ADC_DeInit) refers to stm32f10x_rcc.o(i.RCC_APB2PeriphResetCmd) for RCC_APB2PeriphResetCmd
    stm32f10x_bkp.o(i.BKP_DeInit) refers to stm32f10x_rcc.o(i.RCC_BackupResetCmd) for RCC_BackupResetCmd
    stm32f10x_can.o(i.CAN_DeInit) refers to stm32f10x_rcc.o(i.RCC_APB1PeriphResetCmd) for RCC_APB1PeriphResetCmd
    stm32f10x_can.o(i.CAN_GetITStatus) refers to stm32f10x_can.o(i.CheckITStatus) for CheckITStatus
    stm32f10x_cec.o(i.CEC_DeInit) refers to stm32f10x_rcc.o(i.RCC_APB1PeriphResetCmd) for RCC_APB1PeriphResetCmd
[...]
    x$fpl$dmul                               0x080061d4   Section      340  dmul.o(x$fpl$dmul)
    x$fpl$dnaninf                            0x08006328   Section      156  dnaninf.o(x$fpl$dnaninf)
    x$fpl$dretinf                            0x080063c4   Section       12  dretinf.o(x$fpl$dretinf)
    x$fpl$f2d                                0x080063d0   Section       86  f2d.o(x$fpl$f2d)
    x$fpl$fadd                               0x08006428   Section      196  faddsub_clz.o(x$fpl$fadd)
    _fadd1                                   0x08006437   Thumb Code     0  faddsub_clz.o(x$fpl$fadd)
    x$fpl$fcmpinf                            0x080064ec   Section       24  fcmpi.o(x$fpl$fcmpinf)
    x$fpl$fdiv                               0x08006504   Section      388  fdiv.o(x$fpl$fdiv)
    _fdiv1                                   0x08006505   Thumb Code     0  fdiv.o(x$fpl$fdiv)
    x$fpl$ffix                               0x08006688   Section       54  ffix.o(x$fpl$ffix)
    x$fpl$ffixu                              0x080066c0   Section       62  ffixu.o(x$fpl$ffixu)
    x$fpl$fflt                               0x08006700   Section       48  fflt_clz.o(x$fpl$fflt)
    x$fpl$fleqf                              0x08006730   Section      104  fleqf.o(x$fpl$fleqf)
    x$fpl$fmul                               0x08006798   Section      258  fmul.o(x$fpl$fmul)
    x$fpl$fnaninf                            0x0800689a   Section      140  fnaninf.o(x$fpl$fnaninf)
    x$fpl$fretinf                            0x08006926   Section       10  fretinf.o(x$fpl$fretinf)
    x$fpl$frleqf                             0x08006930   Section       98  frleqf.o(x$fpl$frleqf)
    x$fpl$frsb                               0x08006992   Section       20  faddsub_clz.o(x$fpl$frsb)
    x$fpl$fsub                               0x080069a8   Section      234  faddsub_clz.o(x$fpl$fsub)
    _fsub1                                   0x080069b7   Thumb Code     0  faddsub_clz.o(x$fpl$fsub)
    .constdata                               0x08006a92   Section       24  rtc.o(.constdata)
    x$fpl$usenofp                            0x08006a92   Section        0  usenofp.o(x$fpl$usenofp)
    .constdata                               0x08006aaa   Section      290  kservice.o(.constdata)
    small_digits                             0x08006baa   Data          17  kservice.o(.constdata)
    large_digits                             0x08006bbb   Data          17  kservice.o(.constdata)
    .rti_fn.0                                0x08006bcc   Section        4  components.o(.rti_fn.0)
    __tagsym$$used                           0x08006bcc   Number         0  components.o(.rti_fn.0)
    .rti_fn.0.end                            0x08006bd0   Section        4  components.o(.rti_fn.0.end)
    __tagsym$$used                           0x08006bd0   Number         0  components.o(.rti_fn.0.end)
    .rti_fn.1.end                            0x08006bd4   Section        4  components.o(.rti_fn.1.end)
    __tagsym$$used                           0x08006bd4   Number         0  components.o(.rti_fn.1.end)
    .rti_fn.6.end                            0x08006bd8   Section        4  components.o(.rti_fn.6.end)
    __tagsym$$used                           0x08006bd8   Number         0  components.o(.rti_fn.6.end)
    .data                                    0x20000000   Section       20  main.o(.data)
    result                                   0x20000010   Data           4  main.o(.data)
    .data                                    0x20000014   Section      204  spi1.o(.data)
    i                                        0x200000d8   Data           1  spi1.o(.data)
    state                                    0x200000dc   Data           4  spi1.o(.data)
    .data                                    0x200000e0   Section        4  spi1writeread.o(.data)
    .data                                    0x200000e4   Section        2  rtc.o(.data)
    daycnt                                   0x200000e4   Data           2  rtc.o(.data)
    .data                                    0x200000e8   Section     4096  commo.o(.data)
    .data                                    0x200010e8   Section        2  dma.o(.data)
    .data                                    0x200010ea   Section       12  openin.o(.data)
    .data                                    0x200010f8   Section       16  cpuport.o(.data)
    rt_exception_hook                        0x20001104   Data           4  cpuport.o(.data)
    .data                                    0x20001108   Section        4  clock.o(.data)
    rt_tick                                  0x20001108   Data           4  clock.o(.data)
    .data                                    0x2000110c   Section        1  irq.o(.data)
    .data                                    0x20001110   Section       24  mem.o(.data)
    heap_ptr                                 0x20001110   Data           4  mem.o(.data)
    heap_end                                 0x20001114   Data           4  mem.o(.data)
    lfree                                    0x20001118   Data           4  mem.o(.data)
    mem_size_aligned                         0x2000111c   Data           4  mem.o(.data)
    used_mem                                 0x20001120   Data           4  mem.o(.data)
    max_mem                                  0x20001124   Data           4  mem.o(.data)
    .data                                    0x20001128   Section       64  object.o(.data)
    rt_object_container                      0x20001128   Data          64  object.o(.data)
    .data                                    0x20001168   Section       24  scheduler.o(.data)
    rt_scheduler_lock_nest                   0x20001168   Data           2  scheduler.o(.data)
    .data                                    0x20001180   Section       12  timer.o(.data)
    rt_timer_list                            0x20001180   Data           8  timer.o(.data)
    random_nr                                0x20001188   Data           4  timer.o(.data)
    .bss                                     0x2000118c   Section     1300  spi2.o(.bss)
    .bss                                     0x200016a0   Section      196  spi1.o(.bss)
    .bss                                     0x20001764   Section     1832  spi1writeread.o(.bss)
    .bss                                     0x20001e8c   Section     6384  commo.o(.bss)
    Hcnt                                     0x2000375c   Data          16  commo.o(.bss)
    Lcnt                                     0x2000376c   Data          16  commo.o(.bss)
    .bss                                     0x2000377c   Section       44  dma.o(.bss)
    .bss                                     0x200037a8   Section      376  idle.o(.bss)
    idle                                     0x200037a8   Data         120  idle.o(.bss)
    rt_thread_stack                          0x20003820   Data         256  idle.o(.bss)
    .bss                                     0x20003920   Section      128  kservice.o(.bss)
    rt_log_buf                               0x20003920   Data         128  kservice.o(.bss)
    .bss                                     0x200039a0   Section       32  mem.o(.bss)
    heap_sem                                 0x200039a0   Data          32  mem.o(.bss)
    .bss                                     0x200039c0   Section       64  scheduler.o(.bss)
    .bss                                     0x20003a00   Section     4096  board.o(.bss)
    rt_heap                                  0x20003a00   Data        4096  board.o(.bss)
    .bss                                     0x20004a00   Section       96  libspace.o(.bss)
    HEAP                                     0x20004a60   Section      512  startup_stm32f10x_hd.o(HEAP)
    Heap_Mem                                 0x20004a60   Data         512  startup_stm32f10x_hd.o(HEAP)
    STACK                                    0x20004c60   Section     1024  startup_stm32f10x_hd.o(STACK)
    Stack_Mem                                0x20004c60   Data        1024  startup_stm32f10x_hd.o(STACK)
    __initial_sp                             0x20005060   Data           0  startup_stm32f10x_hd.o(STACK)

    Global Symbols

    Symbol Name                              Value     Ov Type        Size  Object(Section)

    BuildAttributes$$THM_ISAv4$P$D$K$B$S$PE$A:L22UL41UL21$X:L11$S22US41US21$IEEE1$IW$USESV6$~STKCKD$USESV7$~SHL$OTIME$ROPI$IEEEX$EBA8$UX$STANDARDLIB$REQ8$PRES8$EABIv2 0x00000000   Number         0  anon$$obj.o ABSOLUTE
    __ARM_use_no_argv                        0x00000000   Number         0  main.o ABSOLUTE
    __ARM_exceptions_init                     - Undefined Weak Reference
    __alloca_initialize                       - Undefined Weak Reference
    __arm_preinit_                            - Undefined Weak Reference
    __cpp_initialize__aeabi_                  - Undefined Weak Reference
    __cxa_finalize                            - Undefined Weak Reference
    __rt_locale                               - Undefined Weak Reference
    __sigvec_lookup                           - Undefined Weak Reference
    _atexit_init                              - Undefined Weak Reference
    _call_atexit_fns                          - Undefined Weak Reference
    _clock_init                               - Undefined Weak Reference
    _fp_trap_init                             - Undefined Weak Reference
    _fp_trap_shutdown                         - Undefined Weak Reference
    _get_lc_collate                           - Undefined Weak Reference
    _get_lc_ctype                             - Undefined Weak Reference
    _get_lc_monetary                          - Undefined Weak Reference
    _get_lc_numeric                           - Undefined Weak Reference
    _get_lc_time                              - Undefined Weak Reference
    _getenv_init                              - Undefined Weak Reference
    _handle_redirection                       - Undefined Weak Reference
    _init_alloc                               - Undefined Weak Reference
    _init_user_alloc                          - Undefined Weak Reference
    _initio                                   - Undefined Weak Reference
    _rand_init                                - Undefined Weak Reference
    _signal_finish                            - Undefined Weak Reference
    _signal_init                              - Undefined Weak Reference
    _terminate_alloc                          - Undefined Weak Reference
    _terminate_user_alloc                     - Undefined Weak Reference
    _terminateio                              - Undefined Weak Reference
    __Vectors_Size                           0x00000130   Number         0  startup_stm32f10x_hd.o ABSOLUTE
    __Vectors                                0x08000000   Data           4  startup_stm32f10x_hd.o(RESET)
    __Vectors_End                            0x08000130   Data           0  startup_stm32f10x_hd.o(RESET)
    __main                                   0x08000131   Thumb Code     8  __main.o(!!!main)
    __scatterload                            0x08000139   Thumb Code     0  __scatter.o(!!!scatter)
    __scatterload_rt2                        0x08000139   Thumb Code    44  __scatter.o(!!!scatter)
    __scatterload_rt2_thumb_only             0x08000139   Thumb Code     0  __scatter.o(!!!scatter)
    __scatterload_null                       0x08000147   Thumb Code     0  __scatter.o(!!!scatter)
    __decompress                             0x0800016d   Thumb Code   100  __dclz77c.o(!!dclz77c)
    __decompress2                            0x0800016d   Thumb Code     0  __dclz77c.o(!!dclz77c)
    __scatterload_zeroinit                   0x080001d1   Thumb Code    28  __scatter_zi.o(!!handler_zi)
    __rt_lib_init                            0x080001ed   Thumb Code     0  libinit.o(.ARM.Collect$$libinit$$00000000)
    __rt_lib_init_alloca_1                   0x080001ef   Thumb Code     0  libinit2.o(.ARM.Collect$$libinit$$0000002E)
    __rt_lib_init_argv_1                     0x080001ef   Thumb Code     0  libinit2.o(.ARM.Collect$$libinit$$0000002C)
    __rt_lib_init_atexit_1                   0x080001ef   Thumb Code     0  libinit2.o(.ARM.Collect$$libinit$$0000001B)
    __rt_lib_init_clock_1                    0x080001ef   Thumb Code     0  libinit2.o(.ARM.Collect$$libinit$$00000021)
    __rt_lib_init_cpp_1                      0x080001ef   Thumb Code     0  libinit2.o(.ARM.Collect$$libinit$$00000032)
    __rt_lib_init_exceptions_1               0x080001ef   Thumb Code     0  libinit2.o(.ARM.Collect$$libinit$$00000030)
    __rt_lib_init_fp_1                       0x080001ef   Thumb Code     0  libinit2.o(.ARM.Collect$$libinit$$00000002)
    __rt_lib_init_fp_trap_1                  0x080001ef   Thumb Code     0  libinit2.o(.ARM.Collect$$libinit$$0000001F)
    __rt_lib_init_getenv_1                   0x080001ef   Thumb Code     0  libinit2.o(.ARM.Collect$$libinit$$00000023)
    __rt_lib_init_heap_1                     0x080001ef   Thumb Code     0  libinit2.o(.ARM.Collect$$libinit$$0000000A)
    __rt_lib_init_lc_collate_1               0x080001ef   Thumb Code     0  libinit2.o(.ARM.Collect$$libinit$$00000011)
    __rt_lib_init_lc_ctype_1                 0x080001ef   Thumb Code     0  libinit2.o(.ARM.Collect$$libinit$$00000013)
    __rt_lib_init_lc_monetary_1              0x080001ef   Thumb Code     0  libinit2.o(.ARM.Collect$$libinit$$00000015)
    __rt_lib_init_lc_numeric_1               0x080001ef   Thumb Code     0  libinit2.o(.ARM.Collect$$libinit$$00000017)
    __rt_lib_init_lc_time_1                  0x080001ef   Thumb Code     0  libinit2.o(.ARM.Collect$$libinit$$00000019)
    __rt_lib_init_preinit_1                  0x080001ef   Thumb Code     0  libinit2.o(.ARM.Collect$$libinit$$00000004)
    __rt_lib_init_rand_1                     0x080001ef   Thumb Code     0  libinit2.o(.ARM.Collect$$libinit$$0000000E)
    __rt_lib_init_return                     0x080001ef   Thumb Code     0  libinit2.o(.ARM.Collect$$libinit$$00000033)
    __rt_lib_init_signal_1                   0x080001ef   Thumb Code     0  libinit2.o(.ARM.Collect$$libinit$$0000001D)
    __rt_lib_init_stdio_1                    0x080001ef   Thumb Code     0  libinit2.o(.ARM.Collect$$libinit$$00000025)
    __rt_lib_init_user_alloc_1               0x080001ef   Thumb Code     0  libinit2.o(.ARM.Collect$$libinit$$0000000C)
    __rt_lib_shutdown                        0x080001f1   Thumb Code     0  libshutdown.o(.ARM.Collect$$libshutdown$$00000000)
    __rt_lib_shutdown_fp_trap_1              0x080001f3   Thumb Code     0  libshutdown2.o(.ARM.Collect$$libshutdown$$00000006)
    __rt_lib_shutdown_heap_1                 0x080001f3   Thumb Code     0  libshutdown2.o(.ARM.Collect$$libshutdown$$0000000E)
    __rt_lib_shutdown_return                 0x080001f3   Thumb Code     0  libshutdown2.o(.ARM.Collect$$libshutdown$$0000000F)
    __rt_lib_shutdown_signal_1               0x080001f3   Thumb Code     0  libshutdown2.o(.ARM.Collect$$libshutdown$$00000009)
    __rt_lib_shutdown_stdio_1                0x080001f3   Thumb Code     0  libshutdown2.o(.ARM.Collect$$libshutdown$$00000003)
    __rt_lib_shutdown_user_alloc_1           0x080001f3   Thumb Code     0  libshutdown2.o(.ARM.Collect$$libshutdown$$0000000B)
    __rt_entry                               0x080001f5   Thumb Code     0  __rtentry.o(.ARM.Collect$$rtentry$$00000000)
    __rt_entry_presh_1                       0x080001f5   Thumb Code     0  __rtentry2.o(.ARM.Collect$$rtentry$$00000002)
    __rt_entry_sh                            0x080001f5   Thumb Code     0  __rtentry4.o(.ARM.Collect$$rtentry$$00000004)
    __rt_entry_li                            0x080001fb   Thumb Code     0  __rtentry2.o(.ARM.Collect$$rtentry$$0000000A)
    __rt_entry_postsh_1                      0x080001fb   Thumb Code     0  __rtentry2.o(.ARM.Collect$$rtentry$$00000009)
    __rt_entry_main                          0x080001ff   Thumb Code     0  __rtentry2.o(.ARM.Collect$$rtentry$$0000000D)
    __rt_entry_postli_1                      0x080001ff   Thumb Code     0  __rtentry2.o(.ARM.Collect$$rtentry$$0000000C)
    __rt_exit                                0x08000207   Thumb Code     0  rtexit.o(.ARM.Collect$$rtexit$$00000000)
    __rt_exit_ls                             0x08000209   Thumb Code     0  rtexit2.o(.ARM.Collect$$rtexit$$00000003)
    __rt_exit_prels_1                        0x08000209   Thumb Code     0  rtexit2.o(.ARM.Collect$$rtexit$$00000002)
    __rt_exit_exit                           0x0800020d   Thumb Code     0  rtexit2.o(.ARM.Collect$$rtexit$$00000004)
    Reset_Handler                            0x08000215   Thumb Code     8  startup_stm32f10x_hd.o(.text)
    ADC1_2_IRQHandler                        0x0800022f   Thumb Code     0  startup_stm32f10x_hd.o(.text)
    ADC3_IRQHandler                          0x0800022f   Thumb Code     0  startup_stm32f10x_hd.o(.text)
    CAN1_RX1_IRQHandler                      0x0800022f   Thumb Code     0  startup_stm32f10x_hd.o(.text)
    CAN1_SCE_IRQHandler                      0x0800022f   Thumb Code     0  startup_stm32f10x_hd.o(.text)
    DMA1_Channel1_IRQHandler                 0x0800022f   Thumb Code     0  startup_stm32f10x_hd.o(.text)
    DMA1_Channel3_IRQHandler                 0x0800022f   Thumb Code     0  startup_stm32f10x_hd.o(.text)
    DMA1_Channel4_IRQHandler                 0x0800022f   Thumb Code     0  startup_stm32f10x_hd.o(.text)
    DMA1_Channel5_IRQHandler                 0x0800022f   Thumb Code     0  startup_stm32f10x_hd.o(.text)
    DMA1_Channel6_IRQHandler                 0x0800022f   Thumb Code     0  startup_stm32f10x_hd.o(.text)
    DMA1_Channel7_IRQHandler                 0x0800022f   Thumb Code     0  startup_stm32f10x_hd.o(.text)
    DMA2_Channel1_IRQHandler                 0x0800022f   Thumb Code     0  startup_stm32f10x_hd.o(.text)
    DMA2_Channel2_IRQHandler                 0x0800022f   Thumb Code     0  startup_stm32f10x_hd.o(.text)
    DMA2_Channel3_IRQHandler                 0x0800022f   Thumb Code     0  startup_stm32f10x_hd.o(.text)
    DMA2_Channel4_5_IRQHandler               0x0800022f   Thumb Code     0  startup_stm32f10x_hd.o(.text)
    EXTI0_IRQHandler                         0x0800022f   Thumb Code     0  startup_stm32f10x_hd.o(.text)
    EXTI15_10_IRQHandler                     0x0800022f   Thumb Code     0  startup_stm32f10x_hd.o(.text)
    EXTI1_IRQHandler                         0x0800022f   Thumb Code     0  startup_stm32f10x_hd.o(.text)
    EXTI2_IRQHandler                         0x0800022f   Thumb Code     0  startup_stm32f10x_hd.o(.text)
    EXTI3_IRQHandler                         0x0800022f   Thumb Code     0  startup_stm32f10x_hd.o(.text)
    EXTI4_IRQHandler                         0x0800022f   Thumb Code     0  startup_stm32f10x_hd.o(.text)
    EXTI9_5_IRQHandler                       0x0800022f   Thumb Code     0  startup_stm32f10x_hd.o(.text)
    FLASH_IRQHandler                         0x0800022f   Thumb Code     0  startup_stm32f10x_hd.o(.text)
    FSMC_IRQHandler                          0x0800022f   Thumb Code     0  startup_stm32f10x_hd.o(.text)
    I2C1_ER_IRQHandler                       0x0800022f   Thumb Code     0  startup_stm32f10x_hd.o(.text)
    I2C1_EV_IRQHandler                       0x0800022f   Thumb Code     0  startup_stm32f10x_hd.o(.text)
    I2C2_ER_IRQHandler                       0x0800022f   Thumb Code     0  startup_stm32f10x_hd.o(.text)
    I2C2_EV_IRQHandler                       0x0800022f   Thumb Code     0  startup_stm32f10x_hd.o(.text)
    PVD_IRQHandler                           0x0800022f   Thumb Code     0  startup_stm32f10x_hd.o(.text)
    RCC_IRQHandler                           0x0800022f   Thumb Code     0  startup_stm32f10x_hd.o(.text)
    RTCAlarm_IRQHandler                      0x0800022f   Thumb Code     0  startup_stm32f10x_hd.o(.text)
    RTC_IRQHandler                           0x0800022f   Thumb Code     0  startup_stm32f10x_hd.o(.text)
    SDIO_IRQHandler                          0x0800022f   Thumb Code     0  startup_stm32f10x_hd.o(.text)
    SPI1_IRQHandler                          0x0800022f   Thumb Code     0  startup_stm32f10x_hd.o(.text)
    SPI2_IRQHandler                          0x0800022f   Thumb Code     0  startup_stm32f10x_hd.o(.text)
    SPI3_IRQHandler                          0x0800022f   Thumb Code     0  startup_stm32f10x_hd.o(.text)
    TAMPER_IRQHandler                        0x0800022f   Thumb Code     0  startup_stm32f10x_hd.o(.text)
    TIM1_BRK_IRQHandler                      0x0800022f   Thumb Code     0  startup_stm32f10x_hd.o(.text)
    TIM1_CC_IRQHandler                       0x0800022f   Thumb Code     0  startup_stm32f10x_hd.o(.text)
    TIM1_TRG_COM_IRQHandler                  0x0800022f   Thumb Code     0  startup_stm32f10x_hd.o(.text)
    TIM1_UP_IRQHandler                       0x0800022f   Thumb Code     0  startup_stm32f10x_hd.o(.text)
    TIM2_IRQHandler                          0x0800022f   Thumb Code     0  startup_stm32f10x_hd.o(.text)
    TIM3_IRQHandler                          0x0800022f   Thumb Code     0  startup_stm32f10x_hd.o(.text)
    TIM4_IRQHandler                          0x0800022f   Thumb Code     0  startup_stm32f10x_hd.o(.text)
    TIM5_IRQHandler                          0x0800022f   Thumb Code     0  startup_stm32f10x_hd.o(.text)
    TIM6_IRQHandler                          0x0800022f   Thumb Code     0  startup_stm32f10x_hd.o(.text)
    TIM7_IRQHandler                          0x0800022f   Thumb Code     0  startup_stm32f10x_hd.o(.text)
    TIM8_BRK_IRQHandler                      0x0800022f   Thumb Code     0  startup_stm32f10x_hd.o(.text)
    TIM8_CC_IRQHandler                       0x0800022f   Thumb Code     0  startup_stm32f10x_hd.o(.text)
    TIM8_TRG_COM_IRQHandler                  0x0800022f   Thumb Code     0  startup_stm32f10x_hd.o(.text)
    TIM8_UP_IRQHandler                       0x0800022f   Thumb Code     0  startup_stm32f10x_hd.o(.text)
    UART4_IRQHandler                         0x0800022f   Thumb Code     0  startup_stm32f10x_hd.o(.text)
    UART5_IRQHandler                         0x0800022f   Thumb Code     0  startup_stm32f10x_hd.o(.text)
    USART1_IRQHandler                        0x0800022f   Thumb Code     0  startup_stm32f10x_hd.o(.text)
    USART2_IRQHandler                        0x0800022f   Thumb Code     0  startup_stm32f10x_hd.o(.text)
    USART3_IRQHandler                        0x0800022f   Thumb Code     0  startup_stm32f10x_hd.o(.text)
    USBWakeUp_IRQHandler                     0x0800022f   Thumb Code     0  startup_stm32f10x_hd.o(.text)
    USB_HP_CAN1_TX_IRQHandler                0x0800022f   Thumb Code     0  startup_stm32f10x_hd.o(.text)
    USB_LP_CAN1_RX0_IRQHandler               0x0800022f   Thumb Code     0  startup_stm32f10x_hd.o(.text)
    WWDG_IRQHandler                          0x0800022f   Thumb Code     0  startup_stm32f10x_hd.o(.text)
    __user_initial_stackheap                 0x08000231   Thumb Code     0  startup_stm32f10x_hd.o(.text)
    cr4_fft_64_stm32                         0x08000255   Thumb Code     0  cr4_fft_64_stm32.o(.text)
    rt_hw_interrupt_disable                  0x08000525   Thumb Code     8  context_rvds.o(.text)
    rt_hw_interrupt_enable                   0x0800052d   Thumb Code     6  context_rvds.o(.text)
    rt_hw_context_switch                     0x08000533   Thumb Code    32  context_rvds.o(.text)
    rt_hw_context_switch_interrupt           0x08000533   Thumb Code     0  context_rvds.o(.text)
    PendSV_Handler                           0x08000553   Thumb Code    60  context_rvds.o(.text)
    rt_hw_context_switch_to                  0x0800058f   Thumb Code    58  context_rvds.o(.text)
    rt_hw_interrupt_thread_switch            0x080005c9   Thumb Code     2  context_rvds.o(.text)
    HardFault_Handler                        0x080005cb   Thumb Code    52  context_rvds.o(.text)
    __aeabi_memcpy4                          0x08000619   Thumb Code     0  rt_memcpy_w.o(.text)
    __aeabi_memcpy8                          0x08000619   Thumb Code     0  rt_memcpy_w.o(.text)
    __rt_memcpy_w                            0x08000619   Thumb Code   100  rt_memcpy_w.o(.text)
    _memcpy_lastbytes_aligned                0x08000661   Thumb Code     0  rt_memcpy_w.o(.text)
    __use_two_region_memory                  0x0800067d   Thumb Code     2  heapauxi.o(.text)
    __rt_heap_escrow$2region                 0x0800067f   Thumb Code     2  heapauxi.o(.text)
    __rt_heap_expand$2region                 0x08000681   Thumb Code     2  heapauxi.o(.text)
    __user_libspace                          0x08000685   Thumb Code     8  libspace.o(.text)
    __user_perproc_libspace                  0x08000685   Thumb Code     0  libspace.o(.text)
    __user_perthread_libspace                0x08000685   Thumb Code     0  libspace.o(.text)
    __user_setup_stackheap                   0x0800068d   Thumb Code    74  sys_stackheap_outer.o(.text)
    exit                                     0x080006d7   Thumb Code    12  exit.o(.text)
    _sys_exit                                0x080006e5   Thumb Code     8  sys_exit.o(.text)
    __I$use$semihosting                      0x080006f1   Thumb Code     0  use_no_semi.o(.text)
    __use_no_semihosting_swi                 0x080006f1   Thumb Code     2  use_no_semi.o(.text)
    __semihosting_library_function           0x080006f3   Thumb Code     0  indicate_semi.o(.text)
    main                                     0x080006f3   Thumb Code    10  components.o(i.$Sub$$main)
    AT24CXX_Check                            0x080006fd   Thumb Code    52  24cxx.o(i.AT24CXX_Check)
    AT24CXX_Init                             0x08000731   Thumb Code     8  24cxx.o(i.AT24CXX_Init)
    AT24CXX_Read                             0x08000739   Thumb Code    34  24cxx.o(i.AT24CXX_Read)
    AT24CXX_ReadOneByte                      0x0800075b   Thumb Code    84  24cxx.o(i.AT24CXX_ReadOneByte)
    AT24CXX_Write                            0x080007af   Thumb Code    34  24cxx.o(i.AT24CXX_Write)
    AT24CXX_WriteOneByte                     0x080007d1   Thumb Code    76  24cxx.o(i.AT24CXX_WriteOneByte)
    AT24CXX_WriteOnePage                     0x0800081d   Thumb Code    92  24cxx.o(i.AT24CXX_WriteOnePage)
    ArrayData                                0x08000879   Thumb Code    28  commo.o(i.ArrayData)
    ArrayData_                               0x08000895   Thumb Code    34  commo.o(i.ArrayData_)
    BKP_DeInit                               0x080008b7   Thumb Code    16  stm32f10x_bkp.o(i.BKP_DeInit)
    BmToYm                                   0x080008c7   Thumb Code    32  commo.o(i.BmToYm)
    BusFault_Handler                         0x080008e7   Thumb Code     4  stm32f10x_it.o(i.BusFault_Handler)
    ClearAdjustRegister                      0x080008ed   Thumb Code    54  spi2.o(i.ClearAdjustRegister)
    CompuAdjustIgain                         0x08000929   Thumb Code   204  commo.o(i.CompuAdjustIgain)
    CompuAdjustPQSgain                       0x08000a05   Thumb Code   298  commo.o(i.CompuAdjustPQSgain)
    CompuAdjustPhSregpq                      0x08000b41   Thumb Code   340  commo.o(i.CompuAdjustPhSregpq)
    CompuAdjustPoffset                       0x08000cad   Thumb Code   314  commo.o(i.CompuAdjustPoffset)
    CompuAdjustRmsoffse                      0x08000dfd   Thumb Code    26  commo.o(i.CompuAdjustRmsoffse)
    CompuAdjustUgain                         0x08000e1d   Thumb Code   146  commo.o(i.CompuAdjustUgain)
    CompuFreq                                0x08000eb9   Thumb Code    32  commo.o(i.CompuFreq)
    CompuPowerMag                            0x08000edd   Thumb Code   448  commo.o(i.CompuPowerMag)
    CompuVol                                 0x080010b1   Thumb Code   252  commo.o(i.CompuVol)
    Compuangel_cur                           0x080011b1   Thumb Code   120  commo.o(i.Compuangel_cur)
    Compuangel_vol                           0x08001235   Thumb Code    68  commo.o(i.Compuangel_vol)
    Compupwr_f                               0x08001281   Thumb Code    92  commo.o(i.Compupwr_f)
    Compupwr_p                               0x080012e1   Thumb Code   304  commo.o(i.Compupwr_p)
    Compupwr_q                               0x08001425   Thumb Code   298  commo.o(i.Compupwr_q)
    Compupwr_s                               0x08001561   Thumb Code   300  commo.o(i.Compupwr_s)
    ComputCur                                0x0800169d   Thumb Code   264  commo.o(i.ComputCur)
    ConfigAdjustRegister                     0x080017b1   Thumb Code   406  spi2.o(i.ConfigAdjustRegister)
    DMA1_Channel2_Check                      0x0800194d   Thumb Code    68  spi1.o(i.DMA1_Channel2_Check)
    DMA1_Channel2_IRQHandler                 0x080019a1   Thumb Code    84  spi1.o(i.DMA1_Channel2_IRQHandler)
    DMA_ClearITPendingBit                    0x08001a01   Thumb Code    18  stm32f10x_dma.o(i.DMA_ClearITPendingBit)
    DMA_Cmd                                  0x08001a1d   Thumb Code    24  stm32f10x_dma.o(i.DMA_Cmd)
    DMA_DeInit                               0x08001a35   Thumb Code   324  stm32f10x_dma.o(i.DMA_DeInit)
    DMA_GetITStatus                          0x08001b81   Thumb Code    36  stm32f10x_dma.o(i.DMA_GetITStatus)
    DMA_ITConfig                             0x08001bad   Thumb Code    18  stm32f10x_dma.o(i.DMA_ITConfig)
    DMA_Init                                 0x08001bbf   Thumb Code    60  stm32f10x_dma.o(i.DMA_Init)
    DMA_SetCurrDataCounter                   0x08001bfb   Thumb Code     4  stm32f10x_dma.o(i.DMA_SetCurrDataCounter)
    DToBm                                    0x08001bff   Thumb Code    86  commo.o(i.DToBm)
    DebugMon_Handler                         0x08001c55   Thumb Code     2  stm32f10x_it.o(i.DebugMon_Handler)
    EmuInfoResp                              0x08001c59   Thumb Code   152  spi1writeread.o(i.EmuInfoResp)
    EndToAdjust                              0x08001cf9   Thumb Code    66  spi2.o(i.EndToAdjust)
    FramRec                                  0x08001d49   Thumb Code   542  spi1writeread.o(i.FramRec)
    GPIO_Init                                0x08001f7d   Thumb Code   278  stm32f10x_gpio.o(i.GPIO_Init)
    GPIO_ReadInputDataBit                    0x08002093   Thumb Code    18  stm32f10x_gpio.o(i.GPIO_ReadInputDataBit)
    GPIO_ResetBits                           0x080020a5   Thumb Code     4  stm32f10x_gpio.o(i.GPIO_ResetBits)
    GPIO_SetBits                             0x080020a9   Thumb Code     4  stm32f10x_gpio.o(i.GPIO_SetBits)
    GetId                                    0x080020ad   Thumb Code    14  commo.o(i.GetId)
    GetPowerMag                              0x080020bd   Thumb Code   118  commo.o(i.GetPowerMag)
    GetSum                                   0x0800213d   Thumb Code    24  spi1writeread.o(i.GetSum)
    IIC_Ack                                  0x08002155   Thumb Code    66  myiic.o(i.IIC_Ack)
    IIC_Init                                 0x080021a5   Thumb Code    50  myiic.o(i.IIC_Init)
    IIC_NAck                                 0x080021dd   Thumb Code    66  myiic.o(i.IIC_NAck)
    IIC_Read_Byte                            0x0800222d   Thumb Code    98  myiic.o(i.IIC_Read_Byte)
    IIC_Send_Byte                            0x0800229d   Thumb Code   104  myiic.o(i.IIC_Send_Byte)
    IIC_Start                                0x08002311   Thumb Code    64  myiic.o(i.IIC_Start)
    IIC_Stop                                 0x0800235d   Thumb Code    70  myiic.o(i.IIC_Stop)
    IIC_Wait_Ack                             0x080023b1   Thumb Code    86  myiic.o(i.IIC_Wait_Ack)
    Is_Leap_Year                             0x08002415   Thumb Code    62  rtc.o(i.Is_Leap_Year)
    MYDMA_Config                             0x08002455   Thumb Code    84  dma.o(i.MYDMA_Config)
    MYDMA_Enable                             0x080024b5   Thumb Code    36  dma.o(i.MYDMA_Enable)
    MemManage_Handler                        0x080024dd   Thumb Code     4  stm32f10x_it.o(i.MemManage_Handler)
    NMI_Handler                              0x080024e1   Thumb Code     2  stm32f10x_it.o(i.NMI_Handler)
    NVIC_DMAinit                             0x080024e5   Thumb Code    42  spi1.o(i.NVIC_DMAinit)
    NVIC_Init                                0x08002515   Thumb Code   100  misc.o(i.NVIC_Init)
    NVIC_PriorityGroupConfig                 0x08002585   Thumb Code    10  misc.o(i.NVIC_PriorityGroupConfig)
    Openin                                   0x08002599   Thumb Code   178  commo.o(i.Openin)
    Openin_write                             0x08002665   Thumb Code   206  commo.o(i.Openin_write)
    PWR_BackupAccessCmd                      0x08002741   Thumb Code     6  stm32f10x_pwr.o(i.PWR_BackupAccessCmd)
    RCC_AHBPeriphClockCmd                    0x0800274d   Thumb Code    26  stm32f10x_rcc.o(i.RCC_AHBPeriphClockCmd)
    RCC_APB1PeriphClockCmd                   0x0800276d   Thumb Code    26  stm32f10x_rcc.o(i.RCC_APB1PeriphClockCmd)
    RCC_APB2PeriphClockCmd                   0x0800278d   Thumb Code    26  stm32f10x_rcc.o(i.RCC_APB2PeriphClockCmd)
    RCC_BackupResetCmd                       0x080027ad   Thumb Code     6  stm32f10x_rcc.o(i.RCC_BackupResetCmd)
    RCC_GetFlagStatus                        0x080027b9   Thumb Code    56  stm32f10x_rcc.o(i.RCC_GetFlagStatus)
    RCC_HSEConfig                            0x080027f5   Thumb Code    70  stm32f10x_rcc.o(i.RCC_HSEConfig)
    RCC_RTCCLKCmd                            0x08002841   Thumb Code     6  stm32f10x_rcc.o(i.RCC_RTCCLKCmd)
    RCC_RTCCLKConfig                         0x0800284d   Thumb Code    12  stm32f10x_rcc.o(i.RCC_RTCCLKConfig)
    RTC_EnterConfigMode                      0x0800285d   Thumb Code    14  stm32f10x_rtc.o(i.RTC_EnterConfigMode)
    RTC_ExitConfigMode                       0x08002871   Thumb Code    16  stm32f10x_rtc.o(i.RTC_ExitConfigMode)
    RTC_Get                                  0x08002885   Thumb Code   502  rtc.o(i.RTC_Get)
    RTC_GetCounter                           0x08002a95   Thumb Code    16  stm32f10x_rtc.o(i.RTC_GetCounter)
    RTC_GetDivider                           0x08002aa9   Thumb Code    20  stm32f10x_rtc.o(i.RTC_GetDivider)
    RTC_Get_Week                             0x08002ac1   Thumb Code   138  rtc.o(i.RTC_Get_Week)
    RTC_Init                                 0x08002b51   Thumb Code   120  rtc.o(i.RTC_Init)
    RTC_Set                                  0x08002bc9   Thumb Code    34  rtc.o(i.RTC_Set)
    RTC_SetCounter                           0x08002bed   Thumb Code    24  stm32f10x_rtc.o(i.RTC_SetCounter)
    RTC_SetPrescaler                         0x08002c09   Thumb Code    26  stm32f10x_rtc.o(i.RTC_SetPrescaler)
    RTC_WaitForLastTask                      0x08002c29   Thumb Code    16  stm32f10x_rtc.o(i.RTC_WaitForLastTask)
    RTC_WaitForSynchro                       0x08002c3d   Thumb Code    30  stm32f10x_rtc.o(i.RTC_WaitForSynchro)
    ReadSampleRegister                       0x08002c61   Thumb Code    76  spi2.o(i.ReadSampleRegister)
    ReadSampleRegister2                      0x08002cb1   Thumb Code    14  spi2.o(i.ReadSampleRegister2)
    ReadyToAdjust                            0x08002cbf   Thumb Code   120  spi2.o(i.ReadyToAdjust)
    ResetATT7022                             0x08002d39   Thumb Code    32  spi2.o(i.ResetATT7022)
    SPI1EmuInfoResp_t                        0x08002d5d   Thumb Code    36  spi1writeread.o(i.SPI1EmuInfoResp_t)
    SPI1ReadAcreal                           0x08002d8d   Thumb Code    90  spi1writeread.o(i.SPI1ReadAcreal)
    SPI1ReadCoeff                            0x08002df9   Thumb Code    36  spi1writeread.o(i.SPI1ReadCoeff)
    SPI1ReadEvent                            0x08002e29   Thumb Code   270  spi1writeread.o(i.SPI1ReadEvent)
    SPI1_Init                                0x08002f49   Thumb Code   258  spi1.o(i.SPI1_Init)
    SPI2_Init                                0x08003061   Thumb Code   200  spi2.o(i.SPI2_Init)
    SPI2_ReadWriteByte                       0x08003135   Thumb Code    78  spi2.o(i.SPI2_ReadWriteByte)
    SPI_Cmd                                  0x08003189   Thumb Code    24  stm32f10x_spi.o(i.SPI_Cmd)
    SPI_I2S_DMACmd                           0x080031a1   Thumb Code    18  stm32f10x_spi.o(i.SPI_I2S_DMACmd)
    SPI_I2S_GetFlagStatus                    0x080031b3   Thumb Code    18  stm32f10x_spi.o(i.SPI_I2S_GetFlagStatus)
    SPI_I2S_ReceiveData                      0x080031c5   Thumb Code     6  stm32f10x_spi.o(i.SPI_I2S_ReceiveData)
    SPI_I2S_SendData                         0x080031cb   Thumb Code     4  stm32f10x_spi.o(i.SPI_I2S_SendData)
    SPI_Init                                 0x080031cf   Thumb Code    60  stm32f10x_spi.o(i.SPI_Init)
    SVC_Handler                              0x0800320b   Thumb Code     2  stm32f10x_it.o(i.SVC_Handler)
    SquareRootFloat                          0x080032f5   Thumb Code   114  commo.o(i.SquareRootFloat)
    StartAdj                                 0x0800336d   Thumb Code   294  spi1writeread.o(i.StartAdj)
    SysTick_Handler                          0x080034b1   Thumb Code    24  board.o(i.SysTick_Handler)
    SystemInit                               0x080034c9   Thumb Code    78  system_stm32f10x.o(i.SystemInit)
    UpdateAc_real1                           0x08003529   Thumb Code    70  commo.o(i.UpdateAc_real1)
    UpdateAc_real2                           0x08003579   Thumb Code     2  commo.o(i.UpdateAc_real2)
    UsageFault_Handler                       0x0800357b   Thumb Code     4  stm32f10x_it.o(i.UsageFault_Handler)
    WriteAdjustRegister                      0x08003581   Thumb Code   188  spi2.o(i.WriteAdjustRegister)
    __rt_ffs                                 0x08003671   Thumb Code    70  kservice.o(i.__rt_ffs)
    ac_real1_t                               0x080037c5   Thumb Code   216  spi1writeread.o(i.ac_real1_t)
    ac_real2_t                               0x080038a5   Thumb Code  1024  spi1writeread.o(i.ac_real2_t)
    clear                                    0x08003ca5   Thumb Code    16  spi1writeread.o(i.clear)
    delay_us                                 0x08003cb5   Thumb Code    38  commo.o(i.delay_us)
    emuInfo                                  0x08003cdd   Thumb Code    84  commo.o(i.emuInfo)
    frm_rd_coeff                             0x08003d55   Thumb Code   474  spi1writeread.o(i.frm_rd_coeff)
    harGain                                  0x08003f3d   Thumb Code   892  commo.o(i.harGain)
    kairuSend                                0x0800434d   Thumb Code    38  spi1writeread.o(i.kairuSend)
    $Super$$main                             0x08004381   Thumb Code   242  main.o(i.main)
    main_thread_entry                        0x080044a9   Thumb Code    14  components.o(i.main_thread_entry)
    rt_application_init                      0x080046c9   Thumb Code    32  components.o(i.rt_application_init)
    rt_components_board_init                 0x080046f5   Thumb Code    20  components.o(i.rt_components_board_init)
    rt_components_init                       0x08004711   Thumb Code    20  components.o(i.rt_components_init)
    rt_enter_critical                        0x0800472d   Thumb Code    28  scheduler.o(i.rt_enter_critical)
    rt_exit_critical                         0x0800474d   Thumb Code    60  scheduler.o(i.rt_exit_critical)
    rt_free                                  0x08004791   Thumb Code   128  mem.o(i.rt_free)
    rt_heap_begin_get                        0x08004871   Thumb Code     4  board.o(i.rt_heap_begin_get)
    rt_heap_end_get                          0x08004879   Thumb Code     4  board.o(i.rt_heap_end_get)
    rt_hw_board_init                         0x08004881   Thumb Code    34  board.o(i.rt_hw_board_init)
    rt_hw_console_output                     0x080048a3   Thumb Code     2  kservice.o(i.rt_hw_console_output)
    rt_hw_hard_fault_exception               0x080048a5   Thumb Code   190  cpuport.o(i.rt_hw_hard_fault_exception)
    rt_hw_stack_init                         0x08004aa5   Thumb Code    70  cpuport.o(i.rt_hw_stack_init)
    rt_interrupt_enter                       0x08004af1   Thumb Code    26  irq.o(i.rt_interrupt_enter)
    rt_interrupt_leave                       0x08004b11   Thumb Code    26  irq.o(i.rt_interrupt_leave)
    rt_kprintf                               0x08004bc1   Thumb Code    44  kservice.o(i.rt_kprintf)
    rt_malloc                                0x08004c81   Thumb Code   336  mem.o(i.rt_malloc)
    rt_memset                                0x08004ded   Thumb Code    72  kservice.o(i.rt_memset)
    rt_object_allocate                       0x08004e35   Thumb Code    84  object.o(i.rt_object_allocate)
    rt_object_delete                         0x08004e89   Thumb Code    36  object.o(i.rt_object_delete)
    rt_object_detach                         0x08004ead   Thumb Code    30  object.o(i.rt_object_detach)
    rt_object_get_information                0x08004ecd   Thumb Code    36  object.o(i.rt_object_get_information)
    rt_object_init                           0x08004ef5   Thumb Code    86  object.o(i.rt_object_init)
    rt_object_is_systemobject                0x08004f4b   Thumb Code    18  object.o(i.rt_object_is_systemobject)
    rt_schedule                              0x08004f5d   Thumb Code   106  scheduler.o(i.rt_schedule)
    rt_schedule_insert_thread                0x08004fe1   Thumb Code    72  scheduler.o(i.rt_schedule_insert_thread)
    rt_schedule_remove_thread                0x08005031   Thumb Code    76  scheduler.o(i.rt_schedule_remove_thread)
    rt_sem_create                            0x08005085   Thumb Code    42  ipc.o(i.rt_sem_create)
    rt_sem_init                              0x080050af   Thumb Code    38  ipc.o(i.rt_sem_init)
    rt_sem_release                           0x080050d5   Thumb Code    58  ipc.o(i.rt_sem_release)
    rt_sem_take                              0x0800510f   Thumb Code   116  ipc.o(i.rt_sem_take)
    rt_show_version                          0x08005185   Thumb Code    38  kservice.o(i.rt_show_version)
    rt_strlen                                0x08005235   Thumb Code    18  kservice.o(i.rt_strlen)
    rt_strncpy                               0x08005247   Thumb Code    52  kservice.o(i.rt_strncpy)
    rt_system_heap_init                      0x0800527d   Thumb Code   160  mem.o(i.rt_system_heap_init)
    rt_system_scheduler_init                 0x08005375   Thumb Code    52  scheduler.o(i.rt_system_scheduler_init)
    rt_system_scheduler_start                0x080053c1   Thumb Code    36  scheduler.o(i.rt_system_scheduler_start)
    rt_system_timer_init                     0x080053f1   Thumb Code    24  timer.o(i.rt_system_timer_init)
    rt_system_timer_thread_init              0x0800540d   Thumb Code     2  timer.o(i.rt_system_timer_thread_init)
    rt_thread_create                         0x0800540f   Thumb Code    80  thread.o(i.rt_thread_create)
    rt_thread_exit                           0x08005461   Thumb Code    76  thread.o(i.rt_thread_exit)
    rt_thread_idle_excute                    0x080054bd   Thumb Code   134  idle.o(i.rt_thread_idle_excute)
    rt_thread_idle_init                      0x08005549   Thumb Code    38  idle.o(i.rt_thread_idle_init)
    rt_thread_init                           0x08005585   Thumb Code    52  thread.o(i.rt_thread_init)
    rt_thread_mdelay                         0x080055b9   Thumb Code    20  thread.o(i.rt_thread_mdelay)
    rt_thread_resume                         0x080055cd   Thumb Code    60  thread.o(i.rt_thread_resume)
    rt_thread_self                           0x08005609   Thumb Code     6  thread.o(i.rt_thread_self)
    rt_thread_sleep                          0x08005615   Thumb Code    62  thread.o(i.rt_thread_sleep)
    rt_thread_startup                        0x08005659   Thumb Code    44  thread.o(i.rt_thread_startup)
    rt_thread_suspend                        0x08005685   Thumb Code    68  thread.o(i.rt_thread_suspend)
    rt_thread_timeout                        0x080056c9   Thumb Code    32  thread.o(i.rt_thread_timeout)
    rt_thread_yield                          0x080056e9   Thumb Code    92  thread.o(i.rt_thread_yield)
    rt_tick_from_millisecond                 0x0800574d   Thumb Code    56  clock.o(i.rt_tick_from_millisecond)
    rt_tick_get                              0x08005785   Thumb Code     6  clock.o(i.rt_tick_get)
    rt_tick_increase                         0x08005791   Thumb Code    42  clock.o(i.rt_tick_increase)
    rt_timer_check                           0x080057c1   Thumb Code   118  timer.o(i.rt_timer_check)
    rt_timer_control                         0x0800583d   Thumb Code    56  timer.o(i.rt_timer_control)
    rt_timer_detach                          0x08005875   Thumb Code    32  timer.o(i.rt_timer_detach)
    rt_timer_init                            0x08005895   Thumb Code    46  timer.o(i.rt_timer_init)
    rt_timer_start                           0x080058c5   Thumb Code   238  timer.o(i.rt_timer_start)
    rt_timer_stop                            0x080059bd   Thumb Code    48  timer.o(i.rt_timer_stop)
    rt_vsnprintf                             0x080059ed   Thumb Code   808  kservice.o(i.rt_vsnprintf)
    rtthread_startup                         0x08005d2d   Thumb Code    42  components.o(i.rtthread_startup)
    startadj_respon                          0x08005d7d   Thumb Code    74  spi1writeread.o(i.startadj_respon)
    thread_entry_fram                        0x08005dd5   Thumb Code    30  main.o(i.thread_entry_fram)
    thread_entry_updata                      0x08005dfd   Thumb Code    46  main.o(i.thread_entry_updata)
    writeadj_respon                          0x08005e35   Thumb Code    46  spi1writeread.o(i.writeadj_respon)
    writeadjdata                             0x08005e69   Thumb Code    32  spi1writeread.o(i.writeadjdata)
    __aeabi_d2f                              0x08005e91   Thumb Code     0  d2f.o(x$fpl$d2f)
    _d2f                                     0x08005e91   Thumb Code    98  d2f.o(x$fpl$d2f)
    __aeabi_ddiv                             0x08005ef5   Thumb Code     0  ddiv.o(x$fpl$ddiv)
    _ddiv                                    0x08005ef5   Thumb Code   552  ddiv.o(x$fpl$ddiv)
    __aeabi_i2d                              0x080061a5   Thumb Code     0  dflt_clz.o(x$fpl$dflt)
    _dflt                                    0x080061a5   Thumb Code    46  dflt_clz.o(x$fpl$dflt)
    __aeabi_dmul                             0x080061d5   Thumb Code     0  dmul.o(x$fpl$dmul)
    _dmul                                    0x080061d5   Thumb Code   332  dmul.o(x$fpl$dmul)
    __fpl_dnaninf                            0x08006329   Thumb Code   156  dnaninf.o(x$fpl$dnaninf)
    __fpl_dretinf                            0x080063c5   Thumb Code    12  dretinf.o(x$fpl$dretinf)
    __aeabi_f2d                              0x080063d1   Thumb Code     0  f2d.o(x$fpl$f2d)
    _f2d                                     0x080063d1   Thumb Code    86  f2d.o(x$fpl$f2d)
    __aeabi_fadd                             0x08006429   Thumb Code     0  faddsub_clz.o(x$fpl$fadd)
    _fadd                                    0x08006429   Thumb Code   196  faddsub_clz.o(x$fpl$fadd)
    __fpl_fcmp_Inf                           0x080064ed   Thumb Code    24  fcmpi.o(x$fpl$fcmpinf)
    __aeabi_fdiv                             0x08006505   Thumb Code     0  fdiv.o(x$fpl$fdiv)
    _fdiv                                    0x08006505   Thumb Code   384  fdiv.o(x$fpl$fdiv)
    __aeabi_f2iz                             0x08006689   Thumb Code     0  ffix.o(x$fpl$ffix)
    _ffix                                    0x08006689   Thumb Code    54  ffix.o(x$fpl$ffix)
    __aeabi_f2uiz                            0x080066c1   Thumb Code     0  ffixu.o(x$fpl$ffixu)
    _ffixu                                   0x080066c1   Thumb Code    62  ffixu.o(x$fpl$ffixu)
    __aeabi_i2f                              0x08006701   Thumb Code     0  fflt_clz.o(x$fpl$fflt)
    _fflt                                    0x08006701   Thumb Code    48  fflt_clz.o(x$fpl$fflt)
    __aeabi_cfcmple                          0x08006731   Thumb Code     0  fleqf.o(x$fpl$fleqf)
    _fcmple                                  0x08006731   Thumb Code   104  fleqf.o(x$fpl$fleqf)
    __fpl_fcmple_InfNaN                      0x08006783   Thumb Code     0  fleqf.o(x$fpl$fleqf)
    __aeabi_fmul                             0x08006799   Thumb Code     0  fmul.o(x$fpl$fmul)
    _fmul                                    0x08006799   Thumb Code   258  fmul.o(x$fpl$fmul)
    __fpl_fnaninf                            0x0800689b   Thumb Code   140  fnaninf.o(x$fpl$fnaninf)
    __fpl_fretinf                            0x08006927   Thumb Code    10  fretinf.o(x$fpl$fretinf)
    __aeabi_cfrcmple                         0x08006931   Thumb Code     0  frleqf.o(x$fpl$frleqf)
    _frcmple                                 0x08006931   Thumb Code    98  frleqf.o(x$fpl$frleqf)
    __aeabi_frsub                            0x08006993   Thumb Code     0  faddsub_clz.o(x$fpl$frsb)
    _frsb                                    0x08006993   Thumb Code    20  faddsub_clz.o(x$fpl$frsb)
    __aeabi_fsub                             0x080069a9   Thumb Code     0  faddsub_clz.o(x$fpl$fsub)
    _fsub                                    0x080069a9   Thumb Code   234  faddsub_clz.o(x$fpl$fsub)
    __I$use$fp                               0x08006a92   Number         0  usenofp.o(x$fpl$usenofp)
    table_week                               0x08006a92   Data          12  rtc.o(.constdata)
    mon_table                                0x08006a9e   Data          12  rtc.o(.constdata)
    __lowest_bit_bitmap                      0x08006aaa   Data         256  kservice.o(.constdata)
    __rt_init_rti_start                      0x08006bcc   Data           4  components.o(.rti_fn.0)
    __rt_init_rti_board_start                0x08006bd0   Data           4  components.o(.rti_fn.0.end)
    __rt_init_rti_board_end                  0x08006bd4   Data           4  components.o(.rti_fn.1.end)
    __rt_init_rti_end                        0x08006bd8   Data           4  components.o(.rti_fn.6.end)
    Region$$Table$$Base                      0x08006bdc   Number         0  anon$$obj.o(Region$$Table)
    Region$$Table$$Limit                     0x08006bfc   Number         0  anon$$obj.o(Region$$Table)
    adj_flag                                 0x20000000   Data           1  main.o(.data)
    tid1                                     0x20000004   Data           4  main.o(.data)
    tid2                                     0x20000008   Data           4  main.o(.data)
    dynamic_sem                              0x2000000c   Data           4  main.o(.data)
    Response                                 0x20000014   Data         196  spi1.o(.data)
    adj_m                                    0x200000e0   Data           4  spi1writeread.o(.data)
    TableFFT                                 0x200000e8   Data        4080  commo.o(.data)
    krcnt                                    0x200010d8   Data           1  commo.o(.data)
    HFconst                                  0x200010dc   Data           4  commo.o(.data)
    AdjSta                                   0x200010e0   Data           4  commo.o(.data)
    krnum                                    0x200010e4   Data           4  commo.o(.data)
    DMA1_MEM_LEN                             0x200010e8   Data           2  dma.o(.data)
    YXout                                    0x200010ea   Data           4  openin.o(.data)
    YXout_                                   0x200010ee   Data           4  openin.o(.data)
    YXin                                     0x200010f2   Data           4  openin.o(.data)
    rt_interrupt_from_thread                 0x200010f8   Data           4  cpuport.o(.data)
    rt_interrupt_to_thread                   0x200010fc   Data           4  cpuport.o(.data)
    rt_thread_switch_interrupt_flag          0x20001100   Data           4  cpuport.o(.data)
    rt_interrupt_nest                        0x2000110c   Data           1  irq.o(.data)
    rt_current_thread                        0x2000116c   Data           4  scheduler.o(.data)
    rt_current_priority                      0x20001170   Data           1  scheduler.o(.data)
    rt_thread_ready_priority_group           0x20001174   Data           4  scheduler.o(.data)
    rt_thread_defunct                        0x20001178   Data           8  scheduler.o(.data)
    ac_time3_t                               0x2000118c   Data          16  spi2.o(.bss)
    ac_real1                                 0x2000119c   Data         764  spi2.o(.bss)
    ac_real2                                 0x20001498   Data         344  spi2.o(.bss)
    type_att_para2                           0x200015f0   Data         176  spi2.o(.bss)
    SPI1_REC_BUF_                            0x200016a0   Data         196  spi1.o(.bss)
    frm_rd_coeff_respose                     0x20001764   Data         192  spi1writeread.o(.bss)
    EmuInfoResp_t                            0x20001824   Data         156  spi1writeread.o(.bss)
    ac_rea12_t                               0x200018c0   Data         356  spi1writeread.o(.bss)
    ac_rea11_t                               0x20001a24   Data         776  spi1writeread.o(.bss)
    kairu                                    0x20001d2c   Data         340  spi1writeread.o(.bss)
    frm_start_adj_response                   0x20001e80   Data          12  spi1writeread.o(.bss)
    adc_buf                                  0x20001e8c   Data        1792  commo.o(.bss)
    lBufInArray                              0x2000258c   Data        1792  commo.o(.bss)
    lBufOutArray                             0x20002c8c   Data        1536  commo.o(.bss)
    lBufMagArray                             0x2000328c   Data         768  commo.o(.bss)
    tm                                       0x2000358c   Data         320  commo.o(.bss)
    emuInfo_t                                0x200036cc   Data         144  commo.o(.bss)
    DMA_InitStructure                        0x2000377c   Data          44  dma.o(.bss)
    rt_thread_priority_table                 0x200039c0   Data          64  scheduler.o(.bss)
    __libspace_start                         0x20004a00   Data          96  libspace.o(.bss)
    __temporary_stack_top$libspace           0x20004a60   Data           0  libspace.o(.bss)



==============================================================================

Memory Map of the image

  Image Entry point : 0x08000131

  Load Region LR_IROM1 (Base: 0x08000000, Size: 0x00007d88, Max: 0x00040000, ABSOLUTE, COMPRESSED[0x0000783c])

    Execution Region ER_IROM1 (Base: 0x08000000, Size: 0x00006bfc, Max: 0x00040000, ABSOLUTE)

    Base Addr    Size         Type   Attr      Idx    E Section Name        Object

    0x08000000   0x00000130   Data   RO          261    RESET               startup_stm32f10x_hd.o
    0x08000130   0x00000008   Code   RO         4991  * !!!main             c_w.l(__main.o)
    0x08000138   0x00000034   Code   RO         5306    !!!scatter          c_w.l(__scatter.o)
    0x0800016c   0x00000064   Code   RO         5304    !!dclz77c           c_w.l(__dclz77c.o)
    0x080001d0   0x0000001c   Code   RO         5308    !!handler_zi        c_w.l(__scatter_zi.o)
    0x080001ec   0x00000002   Code   RO         5174    .ARM.Collect$$libinit$$00000000  c_w.l(libinit.o)
    0x080001ee   0x00000000   Code   RO         5180    .ARM.Collect$$libinit$$00000002  c_w.l(libinit2.o)
    0x080001ee   0x00000000   Code   RO         5182    .ARM.Collect$$libinit$$00000004  c_w.l(libinit2.o)
    0x080001ee   0x00000000   Code   RO         5185    .ARM.Collect$$libinit$$0000000A  c_w.l(libinit2.o)
    0x080001ee   0x00000000   Code   RO         5187    .ARM.Collect$$libinit$$0000000C  c_w.l(libinit2.o)
    0x080001ee   0x00000000   Code   RO         5189    .ARM.Collect$$libinit$$0000000E  c_w.l(libinit2.o)
    0x080001ee   0x00000000   Code   RO         5192    .ARM.Collect$$libinit$$00000011  c_w.l(libinit2.o)
    0x080001ee   0x00000000   Code   RO         5194    .ARM.Collect$$libinit$$00000013  c_w.l(libinit2.o)
    0x080001ee   0x00000000   Code   RO         5196    .ARM.Collect$$libinit$$00000015  c_w.l(libinit2.o)
    0x080001ee   0x00000000   Code   RO         5198    .ARM.Collect$$libinit$$00000017  c_w.l(libinit2.o)
    0x080001ee   0x00000000   Code   RO         5200    .ARM.Collect$$libinit$$00000019  c_w.l(libinit2.o)
    0x080001ee   0x00000000   Code   RO         5202    .ARM.Collect$$libinit$$0000001B  c_w.l(libinit2.o)
    0x080001ee   0x00000000   Code   RO         5204    .ARM.Collect$$libinit$$0000001D  c_w.l(libinit2.o)
    0x080001ee   0x00000000   Code   RO         5206    .ARM.Collect$$libinit$$0000001F  c_w.l(libinit2.o)
    0x080001ee   0x00000000   Code   RO         5208    .ARM.Collect$$libinit$$00000021  c_w.l(libinit2.o)
    0x080001ee   0x00000000   Code   RO         5210    .ARM.Collect$$libinit$$00000023  c_w.l(libinit2.o)
    0x080001ee   0x00000000   Code   RO         5212    .ARM.Collect$$libinit$$00000025  c_w.l(libinit2.o)
    0x080001ee   0x00000000   Code   RO         5216    .ARM.Collect$$libinit$$0000002C  c_w.l(libinit2.o)
    0x080001ee   0x00000000   Code   RO         5218    .ARM.Collect$$libinit$$0000002E  c_w.l(libinit2.o)
    0x080001ee   0x00000000   Code   RO         5220    .ARM.Collect$$libinit$$00000030  c_w.l(libinit2.o)
    0x080001ee   0x00000000   Code   RO         5222    .ARM.Collect$$libinit$$00000032  c_w.l(libinit2.o)
    0x080001ee   0x00000002   Code   RO         5223    .ARM.Collect$$libinit$$00000033  c_w.l(libinit2.o)
    0x080001f0   0x00000002   Code   RO         5245    .ARM.Collect$$libshutdown$$00000000  c_w.l(libshutdown.o)
    0x080001f2   0x00000000   Code   RO         5259    .ARM.Collect$$libshutdown$$00000003  c_w.l(libshutdown2.o)
    0x080001f2   0x00000000   Code   RO         5262    .ARM.Collect$$libshutdown$$00000006  c_w.l(libshutdown2.o)
    0x080001f2   0x00000000   Code   RO         5265    .ARM.Collect$$libshutdown$$00000009  c_w.l(libshutdown2.o)
    0x080001f2   0x00000000   Code   RO         5267    .ARM.Collect$$libshutdown$$0000000B  c_w.l(libshutdown2.o)
    0x080001f2   0x00000000   Code   RO         5270    .ARM.Collect$$libshutdown$$0000000E  c_w.l(libshutdown2.o)
    0x080001f2   0x00000002   Code   RO         5271    .ARM.Collect$$libshutdown$$0000000F  c_w.l(libshutdown2.o)
    0x080001f4   0x00000000   Code   RO         5075    .ARM.Collect$$rtentry$$00000000  c_w.l(__rtentry.o)
    0x080001f4   0x00000000   Code   RO         5137    .ARM.Collect$$rtentry$$00000002  c_w.l(__rtentry2.o)
    0x080001f4   0x00000006   Code   RO         5149    .ARM.Collect$$rtentry$$00000004  c_w.l(__rtentry4.o)
    0x080001fa   0x00000000   Code   RO         5139    .ARM.Collect$$rtentry$$00000009  c_w.l(__rtentry2.o)
    0x080001fa   0x00000004   Code   RO         5140    .ARM.Collect$$rtentry$$0000000A  c_w.l(__rtentry2.o)
    0x080001fe   0x00000000   Code   RO         5142    .ARM.Collect$$rtentry$$0000000C  c_w.l(__rtentry2.o)
    0x080001fe   0x00000008   Code   RO         5143    .ARM.Collect$$rtentry$$0000000D  c_w.l(__rtentry2.o)
    0x08000206   0x00000002   Code   RO         5177    .ARM.Collect$$rtexit$$00000000  c_w.l(rtexit.o)
    0x08000208   0x00000000   Code   RO         5227    .ARM.Collect$$rtexit$$00000002  c_w.l(rtexit2.o)
    0x08000208   0x00000004   Code   RO         5228    .ARM.Collect$$rtexit$$00000003  c_w.l(rtexit2.o)
    0x0800020c   0x00000006   Code   RO         5229    .ARM.Collect$$rtexit$$00000004  c_w.l(rtexit2.o)
    0x08000212   0x00000002   PAD
    0x08000214   0x00000040   Code   RO          262    .text               startup_stm32f10x_hd.o
    0x08000254   0x000002ce   Code   RO         3931    .text               cr4_fft_64_stm32.o
    0x08000522   0x00000002   PAD
    0x08000524   0x000000f4   Code   RO         3995    .text               context_rvds.o
    0x08000618   0x00000064   Code   RO         4987    .text               c_w.l(rt_memcpy_w.o)
    0x0800067c   0x00000006   Code   RO         4989    .text               c_w.l(heapauxi.o)
    0x08000682   0x00000002   PAD
    0x08000684   0x00000008   Code   RO         5162    .text               c_w.l(libspace.o)
    0x0800068c   0x0000004a   Code   RO         5165    .text               c_w.l(sys_stackheap_outer.o)
    0x080006d6   0x0000000c   Code   RO         5167    .text               c_w.l(exit.o)
    0x080006e2   0x00000002   PAD
    0x080006e4   0x0000000c   Code   RO         5237    .text               c_w.l(sys_exit.o)
    0x080006f0   0x00000002   Code   RO         5248    .text               c_w.l(use_no_semi.o)
    0x080006f2   0x00000000   Code   RO         5250    .text               c_w.l(indicate_semi.o)
    0x080006f2   0x0000000a   Code   RO         4076    i.$Sub$$main        components.o
    0x080006fc   0x00000034   Code   RO         3779    i.AT24CXX_Check     24cxx.o
    0x08000730   0x00000008   Code   RO         3780    i.AT24CXX_Init      24cxx.o
    0x08000738   0x00000022   Code   RO         3781    i.AT24CXX_Read      24cxx.o
    0x0800075a   0x00000054   Code   RO         3783    i.AT24CXX_ReadOneByte  24cxx.o
    0x080007ae   0x00000022   Code   RO         3784    i.AT24CXX_Write     24cxx.o
    0x080007d0   0x0000004c   Code   RO         3786    i.AT24CXX_WriteOneByte  24cxx.o
    0x0800081c   0x0000005c   Code   RO         3787    i.AT24CXX_WriteOnePage  24cxx.o
    0x08000878   0x0000001c   Code   RO         3561    i.ArrayData         commo.o
    0x08000894   0x00000022   Code   RO         3562    i.ArrayData_        commo.o
    0x080008b6   0x00000010   Code   RO          552    i.BKP_DeInit        stm32f10x_bkp.o
    0x080008c6   0x00000020   Code   RO         3563    i.BmToYm            commo.o
    0x080008e6   0x00000004   Code   RO          169    i.BusFault_Handler  stm32f10x_it.o
    0x080008ea   0x00000002   PAD
    0x080008ec   0x0000003c   Code   RO         3287    i.ClearAdjustRegister  spi2.o
    0x08000928   0x000000dc   Code   RO         3564    i.CompuAdjustIgain  commo.o
    0x08000a04   0x0000013c   Code   RO         3565    i.CompuAdjustPQSgain  commo.o
    0x08000b40   0x0000016c   Code   RO         3566    i.CompuAdjustPhSregpq  commo.o
    0x08000cac   0x00000150   Code   RO         3567    i.CompuAdjustPoffset  commo.o
    0x08000dfc   0x00000020   Code   RO         3568    i.CompuAdjustRmsoffse  commo.o
    0x08000e1c   0x0000009c   Code   RO         3570    i.CompuAdjustUgain  commo.o
    0x08000eb8   0x00000024   Code   RO         3571    i.CompuFreq         commo.o
    0x08000edc   0x000001d4   Code   RO         3573    i.CompuPowerMag     commo.o
    0x080010b0   0x00000100   Code   RO         3574    i.CompuVol          commo.o
    0x080011b0   0x00000084   Code   RO         3575    i.Compuangel_cur    commo.o
    0x08001234   0x0000004c   Code   RO         3576    i.Compuangel_vol    commo.o
    0x08001280   0x00000060   Code   RO         3577    i.Compupwr_f        commo.o
    0x080012e0   0x00000144   Code   RO         3578    i.Compupwr_p        commo.o
    0x08001424   0x0000013c   Code   RO         3579    i.Compupwr_q        commo.o
    0x08001560   0x0000013c   Code   RO         3580    i.Compupwr_s        commo.o
    0x0800169c   0x00000114   Code   RO         3581    i.ComputCur         commo.o
    0x080017b0   0x0000019c   Code   RO         3288    i.ConfigAdjustRegister  spi2.o
    0x0800194c   0x00000054   Code   RO         3375    i.DMA1_Channel2_Check  spi1.o
    0x080019a0   0x00000060   Code   RO         3376    i.DMA1_Channel2_IRQHandler  spi1.o
    0x08001a00   0x0000001c   Code   RO         1018    i.DMA_ClearITPendingBit  stm32f10x_dma.o
    0x08001a1c   0x00000018   Code   RO         1019    i.DMA_Cmd           stm32f10x_dma.o
    0x08001a34   0x0000014c   Code   RO         1020    i.DMA_DeInit        stm32f10x_dma.o
    0x08001b80   0x0000002c   Code   RO         1023    i.DMA_GetITStatus   stm32f10x_dma.o
    0x08001bac   0x00000012   Code   RO         1024    i.DMA_ITConfig      stm32f10x_dma.o
    0x08001bbe   0x0000003c   Code   RO         1025    i.DMA_Init          stm32f10x_dma.o
    0x08001bfa   0x00000004   Code   RO         1026    i.DMA_SetCurrDataCounter  stm32f10x_dma.o
    0x08001bfe   0x00000056   Code   RO         3582    i.DToBm             commo.o
    0x08001c54   0x00000002   Code   RO          170    i.DebugMon_Handler  stm32f10x_it.o
    0x08001c56   0x00000002   PAD
    0x08001c58   0x000000a0   Code   RO         3413    i.EmuInfoResp       spi1writeread.o
    0x08001cf8   0x00000050   Code   RO         3289    i.EndToAdjust       spi2.o
    0x08001d48   0x00000234   Code   RO         3414    i.FramRec           spi1writeread.o
    0x08001f7c   0x00000116   Code   RO         1443    i.GPIO_Init         stm32f10x_gpio.o
    0x08002092   0x00000012   Code   RO         1447    i.GPIO_ReadInputDataBit  stm32f10x_gpio.o
    0x080020a4   0x00000004   Code   RO         1450    i.GPIO_ResetBits    stm32f10x_gpio.o
    0x080020a8   0x00000004   Code   RO         1451    i.GPIO_SetBits      stm32f10x_gpio.o
    0x080020ac   0x0000000e   Code   RO         3583    i.GetId             commo.o
    0x080020ba   0x00000002   PAD
    0x080020bc   0x00000080   Code   RO         3584    i.GetPowerMag       commo.o
    0x0800213c   0x00000018   Code   RO         3415    i.GetSum            spi1writeread.o
    0x08002154   0x00000050   Code   RO         3839    i.IIC_Ack           myiic.o
    0x080021a4   0x00000038   Code   RO         3840    i.IIC_Init          myiic.o
    0x080021dc   0x00000050   Code   RO         3841    i.IIC_NAck          myiic.o
    0x0800222c   0x00000070   Code   RO         3842    i.IIC_Read_Byte     myiic.o
    0x0800229c   0x00000074   Code   RO         3843    i.IIC_Send_Byte     myiic.o
    0x08002310   0x0000004c   Code   RO         3844    i.IIC_Start         myiic.o
    0x0800235c   0x00000054   Code   RO         3845    i.IIC_Stop          myiic.o
    0x080023b0   0x00000064   Code   RO         3846    i.IIC_Wait_Ack      myiic.o
    0x08002414   0x0000003e   Code   RO         3520    i.Is_Leap_Year      rtc.o
    0x08002452   0x00000002   PAD
    0x08002454   0x00000060   Code   RO         3893    i.MYDMA_Config      dma.o
    0x080024b4   0x00000028   Code   RO         3894    i.MYDMA_Enable      dma.o
    0x080024dc   0x00000004   Code   RO          171    i.MemManage_Handler  stm32f10x_it.o
    0x080024e0   0x00000002   Code   RO          172    i.NMI_Handler       stm32f10x_it.o
    0x080024e2   0x00000002   PAD
    0x080024e4   0x00000030   Code   RO         3377    i.NVIC_DMAinit      spi1.o
    0x08002514   0x00000070   Code   RO          266    i.NVIC_Init         misc.o
    0x08002584   0x00000014   Code   RO          267    i.NVIC_PriorityGroupConfig  misc.o
    0x08002598   0x000000cc   Code   RO         3585    i.Openin            commo.o
    0x08002664   0x000000dc   Code   RO         3586    i.Openin_write      commo.o
    0x08002740   0x0000000c   Code   RO         1797    i.PWR_BackupAccessCmd  stm32f10x_pwr.o
    0x0800274c   0x00000020   Code   RO         1858    i.RCC_AHBPeriphClockCmd  stm32f10x_rcc.o
    0x0800276c   0x00000020   Code   RO         1859    i.RCC_APB1PeriphClockCmd  stm32f10x_rcc.o
    0x0800278c   0x00000020   Code   RO         1861    i.RCC_APB2PeriphClockCmd  stm32f10x_rcc.o
    0x080027ac   0x0000000c   Code   RO         1864    i.RCC_BackupResetCmd  stm32f10x_rcc.o
    0x080027b8   0x0000003c   Code   RO         1870    i.RCC_GetFlagStatus  stm32f10x_rcc.o
    0x080027f4   0x0000004c   Code   RO         1874    i.RCC_HSEConfig     stm32f10x_rcc.o
    0x08002840   0x0000000c   Code   RO         1884    i.RCC_RTCCLKCmd     stm32f10x_rcc.o
    0x0800284c   0x00000010   Code   RO         1885    i.RCC_RTCCLKConfig  stm32f10x_rcc.o
    0x0800285c   0x00000014   Code   RO         2059    i.RTC_EnterConfigMode  stm32f10x_rtc.o
    0x08002870   0x00000014   Code   RO         2060    i.RTC_ExitConfigMode  stm32f10x_rtc.o
    0x08002884   0x00000210   Code   RO         3521    i.RTC_Get           rtc.o
    0x08002a94   0x00000014   Code   RO         2061    i.RTC_GetCounter    stm32f10x_rtc.o
    0x08002aa8   0x00000018   Code   RO         2062    i.RTC_GetDivider    stm32f10x_rtc.o
    0x08002ac0   0x00000090   Code   RO         3522    i.RTC_Get_Week      rtc.o
    0x08002b50   0x00000078   Code   RO         3523    i.RTC_Init          rtc.o
    0x08002bc8   0x00000022   Code   RO         3524    i.RTC_Set           rtc.o
    0x08002bea   0x00000002   PAD
    0x08002bec   0x0000001c   Code   RO         2067    i.RTC_SetCounter    stm32f10x_rtc.o
    0x08002c08   0x00000020   Code   RO         2068    i.RTC_SetPrescaler  stm32f10x_rtc.o
    0x08002c28   0x00000014   Code   RO         2069    i.RTC_WaitForLastTask  stm32f10x_rtc.o
    0x08002c3c   0x00000024   Code   RO         2070    i.RTC_WaitForSynchro  stm32f10x_rtc.o
    0x08002c60   0x00000050   Code   RO         3291    i.ReadSampleRegister  spi2.o
    0x08002cb0   0x0000000e   Code   RO         3292    i.ReadSampleRegister2  spi2.o
    0x08002cbe   0x00000078   Code   RO         3293    i.ReadyToAdjust     spi2.o
    0x08002d36   0x00000002   PAD
    0x08002d38   0x00000024   Code   RO         3294    i.ResetATT7022      spi2.o
    0x08002d5c   0x00000030   Code   RO         3416    i.SPI1EmuInfoResp_t  spi1writeread.o
    0x08002d8c   0x0000006c   Code   RO         3417    i.SPI1ReadAcreal    spi1writeread.o
    0x08002df8   0x00000030   Code   RO         3418    i.SPI1ReadCoeff     spi1writeread.o
    0x08002e28   0x00000120   Code   RO         3419    i.SPI1ReadEvent     spi1writeread.o
    0x08002f48   0x00000118   Code   RO         3378    i.SPI1_Init         spi1.o
    0x08003060   0x000000d4   Code   RO         3295    i.SPI2_Init         spi2.o
    0x08003134   0x00000054   Code   RO         3296    i.SPI2_ReadWriteByte  spi2.o
    0x08003188   0x00000018   Code   RO         2338    i.SPI_Cmd           stm32f10x_spi.o
    0x080031a0   0x00000012   Code   RO         2344    i.SPI_I2S_DMACmd    stm32f10x_spi.o
    0x080031b2   0x00000012   Code   RO         2346    i.SPI_I2S_GetFlagStatus  stm32f10x_spi.o
    0x080031c4   0x00000006   Code   RO         2349    i.SPI_I2S_ReceiveData  stm32f10x_spi.o
    0x080031ca   0x00000004   Code   RO         2350    i.SPI_I2S_SendData  stm32f10x_spi.o
    0x080031ce   0x0000003c   Code   RO         2351    i.SPI_Init          stm32f10x_spi.o
    0x0800320a   0x00000002   Code   RO          173    i.SVC_Handler       stm32f10x_it.o
    0x0800320c   0x00000008   Code   RO          214    i.SetSysClock       system_stm32f10x.o
    0x08003214   0x000000e0   Code   RO          215    i.SetSysClockTo72   system_stm32f10x.o
    0x080032f4   0x00000078   Code   RO         3587    i.SquareRootFloat   commo.o
    0x0800336c   0x00000144   Code   RO         3420    i.StartAdj          spi1writeread.o
    0x080034b0   0x00000018   Code   RO         4948    i.SysTick_Handler   board.o
    0x080034c8   0x00000060   Code   RO          217    i.SystemInit        system_stm32f10x.o
    0x08003528   0x00000050   Code   RO         3588    i.UpdateAc_real1    commo.o
    0x08003578   0x00000002   Code   RO         3589    i.UpdateAc_real2    commo.o
    0x0800357a   0x00000004   Code   RO          174    i.UsageFault_Handler  stm32f10x_it.o
    0x0800357e   0x00000002   PAD
    0x08003580   0x000000c0   Code   RO         3298    i.WriteAdjustRegister  spi2.o
    0x08003640   0x00000030   Code   RO         4949    i._SysTick_Config   board.o
    0x08003670   0x0000004c   Code   RO         4351    i.__rt_ffs          kservice.o
    0x080036bc   0x00000014   Code   RO         4144    i._has_defunct_thread  idle.o
    0x080036d0   0x00000084   Code   RO         4720    i._rt_thread_init   thread.o
    0x08003754   0x00000042   Code   RO         4841    i._rt_timer_init    timer.o
    0x08003796   0x0000002e   Code   RO         4842    i._rt_timer_remove  timer.o
    0x080037c4   0x000000e0   Code   RO         3421    i.ac_real1_t        spi1writeread.o
    0x080038a4   0x00000400   Code   RO         3422    i.ac_real2_t        spi1writeread.o
    0x08003ca4   0x00000010   Code   RO         3423    i.clear             spi1writeread.o
    0x08003cb4   0x00000026   Code   RO         3591    i.delay_us          commo.o
    0x08003cda   0x00000002   PAD
    0x08003cdc   0x00000078   Code   RO         3592    i.emuInfo           commo.o
    0x08003d54   0x000001e8   Code   RO         3424    i.frm_rd_coeff      spi1writeread.o
    0x08003f3c   0x00000410   Code   RO         3593    i.harGain           commo.o
    0x0800434c   0x00000034   Code   RO         3425    i.kairuSend         spi1writeread.o
    0x08004380   0x00000128   Code   RO            1    i.main              main.o
    0x080044a8   0x0000000e   Code   RO         4077    i.main_thread_entry  components.o
    0x080044b6   0x00000002   PAD
    0x080044b8   0x00000078   Code   RO         4528    i.plug_holes        mem.o
    0x08004530   0x00000198   Code   RO         4353    i.print_number      kservice.o
    0x080046c8   0x0000002c   Code   RO         4078    i.rt_application_init  components.o
    0x080046f4   0x0000001c   Code   RO         4079    i.rt_components_board_init  components.o
    0x08004710   0x0000001c   Code   RO         4080    i.rt_components_init  components.o
    0x0800472c   0x00000020   Code   RO         4654    i.rt_enter_critical  scheduler.o
    0x0800474c   0x00000044   Code   RO         4655    i.rt_exit_critical  scheduler.o
    0x08004790   0x000000e0   Code   RO         4530    i.rt_free           mem.o
    0x08004870   0x00000008   Code   RO         4950    i.rt_heap_begin_get  board.o
    0x08004878   0x00000008   Code   RO         4951    i.rt_heap_end_get   board.o
    0x08004880   0x00000022   Code   RO         4952    i.rt_hw_board_init  board.o
    0x080048a2   0x00000002   Code   RO         4356    i.rt_hw_console_output  kservice.o
    0x080048a4   0x00000200   Code   RO         4002    i.rt_hw_hard_fault_exception  cpuport.o
    0x08004aa4   0x0000004c   Code   RO         4003    i.rt_hw_stack_init  cpuport.o
    0x08004af0   0x00000020   Code   RO         4324    i.rt_interrupt_enter  irq.o
    0x08004b10   0x00000020   Code   RO         4326    i.rt_interrupt_leave  irq.o
    0x08004b30   0x00000014   Code   RO         4184    i.rt_ipc_list_resume  ipc.o
    0x08004b44   0x0000006c   Code   RO         4186    i.rt_ipc_list_suspend  ipc.o
    0x08004bb0   0x00000010   Code   RO         4187    i.rt_ipc_object_init  ipc.o
    0x08004bc0   0x00000030   Code   RO         4357    i.rt_kprintf        kservice.o
    0x08004bf0   0x00000006   Code   RO         4188    i.rt_list_init      ipc.o
    0x08004bf6   0x00000006   Code   RO         4656    i.rt_list_init      scheduler.o
    0x08004bfc   0x00000006   Code   RO         4843    i.rt_list_init      timer.o
    0x08004c02   0x0000000e   Code   RO         4578    i.rt_list_insert_after  object.o
    0x08004c10   0x0000000e   Code   RO         4721    i.rt_list_insert_after  thread.o
    0x08004c1e   0x0000000e   Code   RO         4844    i.rt_list_insert_after  timer.o
    0x08004c2c   0x0000000e   Code   RO         4189    i.rt_list_insert_before  ipc.o
    0x08004c3a   0x00000010   Code   RO         4190    i.rt_list_isempty   ipc.o
    0x08004c4a   0x00000010   Code   RO         4845    i.rt_list_isempty   timer.o
    0x08004c5a   0x00000012   Code   RO         4579    i.rt_list_remove    object.o
    0x08004c6c   0x00000012   Code   RO         4722    i.rt_list_remove    thread.o
    0x08004c7e   0x00000002   PAD
    0x08004c80   0x0000016c   Code   RO         4531    i.rt_malloc         mem.o
    0x08004dec   0x00000048   Code   RO         4363    i.rt_memset         kservice.o
    0x08004e34   0x00000054   Code   RO         4580    i.rt_object_allocate  object.o
    0x08004e88   0x00000024   Code   RO         4581    i.rt_object_delete  object.o
    0x08004eac   0x0000001e   Code   RO         4582    i.rt_object_detach  object.o
    0x08004eca   0x00000002   PAD
    0x08004ecc   0x00000028   Code   RO         4584    i.rt_object_get_information  object.o
    0x08004ef4   0x00000056   Code   RO         4586    i.rt_object_init    object.o
    0x08004f4a   0x00000012   Code   RO         4587    i.rt_object_is_systemobject  object.o
    0x08004f5c   0x00000084   Code   RO         4657    i.rt_schedule       scheduler.o
    0x08004fe0   0x00000050   Code   RO         4658    i.rt_schedule_insert_thread  scheduler.o
    0x08005030   0x00000054   Code   RO         4659    i.rt_schedule_remove_thread  scheduler.o
    0x08005084   0x0000002a   Code   RO         4200    i.rt_sem_create     ipc.o
    0x080050ae   0x00000026   Code   RO         4203    i.rt_sem_init       ipc.o
    0x080050d4   0x0000003a   Code   RO         4204    i.rt_sem_release    ipc.o
    0x0800510e   0x00000074   Code   RO         4205    i.rt_sem_take       ipc.o
    0x08005182   0x00000002   PAD
    0x08005184   0x000000b0   Code   RO         4365    i.rt_show_version   kservice.o
    0x08005234   0x00000012   Code   RO         4371    i.rt_strlen         kservice.o
    0x08005246   0x00000034   Code   RO         4373    i.rt_strncpy        kservice.o
    0x0800527a   0x00000002   PAD
    0x0800527c   0x000000f8   Code   RO         4534    i.rt_system_heap_init  mem.o
    0x08005374   0x0000004c   Code   RO         4660    i.rt_system_scheduler_init  scheduler.o
    0x080053c0   0x00000030   Code   RO         4661    i.rt_system_scheduler_start  scheduler.o
    0x080053f0   0x0000001c   Code   RO         4846    i.rt_system_timer_init  timer.o
    0x0800540c   0x00000002   Code   RO         4847    i.rt_system_timer_thread_init  timer.o
    0x0800540e   0x00000050   Code   RO         4724    i.rt_thread_create  thread.o
    0x0800545e   0x00000002   PAD
    0x08005460   0x00000054   Code   RO         4728    i.rt_thread_exit    thread.o
    0x080054b4   0x00000008   Code   RO         4145    i.rt_thread_idle_entry  idle.o
    0x080054bc   0x0000008c   Code   RO         4146    i.rt_thread_idle_excute  idle.o
    0x08005548   0x0000003c   Code   RO         4148    i.rt_thread_idle_init  idle.o
    0x08005584   0x00000034   Code   RO         4730    i.rt_thread_init    thread.o
    0x080055b8   0x00000014   Code   RO         4731    i.rt_thread_mdelay  thread.o
    0x080055cc   0x0000003c   Code   RO         4732    i.rt_thread_resume  thread.o
    0x08005608   0x0000000c   Code   RO         4733    i.rt_thread_self    thread.o
    0x08005614   0x00000044   Code   RO         4734    i.rt_thread_sleep   thread.o
    0x08005658   0x0000002c   Code   RO         4735    i.rt_thread_startup  thread.o
    0x08005684   0x00000044   Code   RO         4736    i.rt_thread_suspend  thread.o
    0x080056c8   0x00000020   Code   RO         4737    i.rt_thread_timeout  thread.o
    0x080056e8   0x00000064   Code   RO         4738    i.rt_thread_yield   thread.o
    0x0800574c   0x00000038   Code   RO         4039    i.rt_tick_from_millisecond  clock.o
    0x08005784   0x0000000c   Code   RO         4040    i.rt_tick_get       clock.o
    0x08005790   0x00000030   Code   RO         4041    i.rt_tick_increase  clock.o
    0x080057c0   0x0000007c   Code   RO         4848    i.rt_timer_check    timer.o
    0x0800583c   0x00000038   Code   RO         4849    i.rt_timer_control  timer.o
    0x08005874   0x00000020   Code   RO         4852    i.rt_timer_detach   timer.o
    0x08005894   0x0000002e   Code   RO         4853    i.rt_timer_init     timer.o
    0x080058c2   0x00000002   PAD
    0x080058c4   0x000000f8   Code   RO         4856    i.rt_timer_start    timer.o
    0x080059bc   0x00000030   Code   RO         4857    i.rt_timer_stop     timer.o
    0x080059ec   0x00000330   Code   RO         4376    i.rt_vsnprintf      kservice.o
    0x08005d1c   0x00000004   Code   RO         4081    i.rti_board_end     components.o
    0x08005d20   0x00000004   Code   RO         4082    i.rti_board_start   components.o
    0x08005d24   0x00000004   Code   RO         4083    i.rti_end           components.o
    0x08005d28   0x00000004   Code   RO         4084    i.rti_start         components.o
    0x08005d2c   0x0000002a   Code   RO         4085    i.rtthread_startup  components.o
    0x08005d56   0x00000026   Code   RO         4378    i.skip_atoi         kservice.o
    0x08005d7c   0x00000058   Code   RO         3426    i.startadj_respon   spi1writeread.o
    0x08005dd4   0x00000028   Code   RO            2    i.thread_entry_fram  main.o
    0x08005dfc   0x00000038   Code   RO            3    i.thread_entry_updata  main.o
    0x08005e34   0x00000034   Code   RO         3427    i.writeadj_respon   spi1writeread.o
    0x08005e68   0x00000028   Code   RO         3428    i.writeadjdata      spi1writeread.o
    0x08005e90   0x00000062   Code   RO         4993    x$fpl$d2f           fz_ws.l(d2f.o)
    0x08005ef2   0x00000002   PAD
    0x08005ef4   0x000002b0   Code   RO         4996    x$fpl$ddiv          fz_ws.l(ddiv.o)
    0x080061a4   0x0000002e   Code   RO         5004    x$fpl$dflt          fz_ws.l(dflt_clz.o)
    0x080061d2   0x00000002   PAD
    0x080061d4   0x00000154   Code   RO         5009    x$fpl$dmul          fz_ws.l(dmul.o)
    0x08006328   0x0000009c   Code   RO         5086    x$fpl$dnaninf       fz_ws.l(dnaninf.o)
    0x080063c4   0x0000000c   Code   RO         5088    x$fpl$dretinf       fz_ws.l(dretinf.o)
    0x080063d0   0x00000056   Code   RO         5011    x$fpl$f2d           fz_ws.l(f2d.o)
    0x08006426   0x00000002   PAD
    0x08006428   0x000000c4   Code   RO         5013    x$fpl$fadd          fz_ws.l(faddsub_clz.o)
    0x080064ec   0x00000018   Code   RO         5160    x$fpl$fcmpinf       fz_ws.l(fcmpi.o)
    0x08006504   0x00000184   Code   RO         5020    x$fpl$fdiv          fz_ws.l(fdiv.o)
    0x08006688   0x00000036   Code   RO         5023    x$fpl$ffix          fz_ws.l(ffix.o)
    0x080066be   0x00000002   PAD
    0x080066c0   0x0000003e   Code   RO         5027    x$fpl$ffixu         fz_ws.l(ffixu.o)
    0x080066fe   0x00000002   PAD
    0x08006700   0x00000030   Code   RO         5032    x$fpl$fflt          fz_ws.l(fflt_clz.o)
    0x08006730   0x00000068   Code   RO         5094    x$fpl$fleqf         fz_ws.l(fleqf.o)
    0x08006798   0x00000102   Code   RO         5037    x$fpl$fmul          fz_ws.l(fmul.o)
    0x0800689a   0x0000008c   Code   RO         5096    x$fpl$fnaninf       fz_ws.l(fnaninf.o)
    0x08006926   0x0000000a   Code   RO         5098    x$fpl$fretinf       fz_ws.l(fretinf.o)
    0x08006930   0x00000062   Code   RO         5039    x$fpl$frleqf        fz_ws.l(frleqf.o)
    0x08006992   0x00000014   Code   RO         5014    x$fpl$frsb          fz_ws.l(faddsub_clz.o)
    0x080069a6   0x00000002   PAD
    0x080069a8   0x000000ea   Code   RO         5015    x$fpl$fsub          fz_ws.l(faddsub_clz.o)
    0x08006a92   0x00000000   Code   RO         5102    x$fpl$usenofp       fz_ws.l(usenofp.o)
    0x08006a92   0x00000018   Data   RO         3525    .constdata          rtc.o
    0x08006aaa   0x00000122   Data   RO         4380    .constdata          kservice.o
    0x08006bcc   0x00000004   Data   RO         4086    .rti_fn.0           components.o
    0x08006bd0   0x00000004   Data   RO         4087    .rti_fn.0.end       components.o
    0x08006bd4   0x00000004   Data   RO         4088    .rti_fn.1.end       components.o
    0x08006bd8   0x00000004   Data   RO         4089    .rti_fn.6.end       components.o
    0x08006bdc   0x00000020   Data   RO         5302    Region$$Table       anon$$obj.o


    Execution Region RW_IRAM1 (Base: 0x20000000, Size: 0x00005060, Max: 0x0000c000, ABSOLUTE, COMPRESSED[0x00000c40])

    Base Addr    Size         Type   Attr      Idx    E Section Name        Object

    0x20000000   0x00000014   Data   RW            5    .data               main.o
    0x20000014   0x000000cc   Data   RW         3380    .data               spi1.o
    0x200000e0   0x00000004   Data   RW         3430    .data               spi1writeread.o
    0x200000e4   0x00000002   Data   RW         3526    .data               rtc.o
    0x200000e6   0x00000002   PAD
    0x200000e8   0x00001000   Data   RW         3595    .data               commo.o
    0x200010e8   0x00000002   Data   RW         3896    .data               dma.o
    0x200010ea   0x0000000c   Data   RW         3917    .data               openin.o
    0x200010f6   0x00000002   PAD
    0x200010f8   0x00000010   Data   RW         4004    .data               cpuport.o
    0x20001108   0x00000004   Data   RW         4043    .data               clock.o
    0x2000110c   0x00000001   Data   RW         4327    .data               irq.o
    0x2000110d   0x00000003   PAD
    0x20001110   0x00000018   Data   RW         4536    .data               mem.o
    0x20001128   0x00000040   Data   RW         4589    .data               object.o
    0x20001168   0x00000018   Data   RW         4663    .data               scheduler.o
    0x20001180   0x0000000c   Data   RW         4858    .data               timer.o
    0x2000118c   0x00000514   Zero   RW         3299    .bss                spi2.o
    0x200016a0   0x000000c4   Zero   RW         3379    .bss                spi1.o
    0x20001764   0x00000728   Zero   RW         3429    .bss                spi1writeread.o
    0x20001e8c   0x000018f0   Zero   RW         3594    .bss                commo.o
    0x2000377c   0x0000002c   Zero   RW         3895    .bss                dma.o
    0x200037a8   0x00000178   Zero   RW         4149    .bss                idle.o
    0x20003920   0x00000080   Zero   RW         4379    .bss                kservice.o
    0x200039a0   0x00000020   Zero   RW         4535    .bss                mem.o
    0x200039c0   0x00000040   Zero   RW         4662    .bss                scheduler.o
    0x20003a00   0x00001000   Zero   RW         4953    .bss                board.o
    0x20004a00   0x00000060   Zero   RW         5163    .bss                c_w.l(libspace.o)
    0x20004a60   0x00000200   Zero   RW          260    HEAP                startup_stm32f10x_hd.o
    0x20004c60   0x00000400   Zero   RW          259    STACK               startup_stm32f10x_hd.o


==============================================================================

Image component sizes


      Code (inc. data)   RO Data    RW Data    ZI Data      Debug   Object Name

       380          0          0          0          0       4238   24cxx.o
       122         12          0          0       4096       3003   board.o
       116         12          0          4          0       1648   clock.o
      5866        482          0       4096       6384      18354   commo.o
       182         28         16          0          0       5596   components.o
       244         26          0          0          0        824   context_rvds.o
         0          0          0          0          0         32   core_cm3.o
       588        328          0         16          0       3202   cpuport.o
       718        240          0          0          0        276   cr4_fft_64_stm32.o
       136         16          0          2         44       1618   dma.o
       228         32          0          0        376       5418   idle.o
       434          0          0          0          0       8597   ipc.o
        64         12          0          1          0       1514   irq.o
      1706        164        290          0        128       8987   kservice.o
       392         74          0         20          0     242901   main.o
       956        224          0         24         32       3736   mem.o
       132         22          0          0          0     206115   misc.o
       704        100          0          0          0       3898   myiic.o
       326          4          0         64          0       7956   object.o
         0          0          0         12          0        540   openin.o
       888         32         24          2          0       4035   rtc.o
       526         90          0         24         64       8278   scheduler.o
       508         56          0        204        196       4852   spi1.o
      3548        192          0          4       1832      10478   spi1writeread.o
      1290         56          0          0       1300       8074   spi2.o
        64         26        304          0       1536        768   startup_stm32f10x_hd.o
        16          0          0          0          0        441   stm32f10x_bkp.o
       510         26          0          0          0       5376   stm32f10x_dma.o
       304          0          0          0          0       3440   stm32f10x_gpio.o
        18          0          0          0          0       2231   stm32f10x_it.o
        12          6          0          0          0        474   stm32f10x_pwr.o
       272         44          0          0          0       4110   stm32f10x_rcc.o
       200         38          0          0          0       3696   stm32f10x_rtc.o
       130          0          0          0          0       4127   stm32f10x_spi.o
       328         28          0          0          0       1633   system_stm32f10x.o
       784         36          0          0          0      11400   thread.o
       732         20          0         12          0      10700   timer.o

    ----------------------------------------------------------------------
     23458       2428        666       4492      15988     612566   Object Totals
         0          0         32          0          0          0   (incl. Generated)
        34          2          0          7          0          0   (incl. Padding)

    ----------------------------------------------------------------------

      Code (inc. data)   RO Data    RW Data    ZI Data      Debug   Library Member Name

       100          0          0          0          0          0   __dclz77c.o
         8          0          0          0          0         68   __main.o
         0          0          0          0          0          0   __rtentry.o
        12          0          0          0          0          0   __rtentry2.o
         6          0          0          0          0          0   __rtentry4.o
        52          8          0          0          0          0   __scatter.o
        28          0          0          0          0          0   __scatter_zi.o
        12          0          0          0          0         72   exit.o
         6          0          0          0          0        152   heapauxi.o
         0          0          0          0          0          0   indicate_semi.o
         2          0          0          0          0          0   libinit.o
         2          0          0          0          0          0   libinit2.o
         2          0          0          0          0          0   libshutdown.o
         2          0          0          0          0          0   libshutdown2.o
         8          4          0          0         96         68   libspace.o
       100          0          0          0          0         80   rt_memcpy_w.o
         2          0          0          0          0          0   rtexit.o
        10          0          0          0          0          0   rtexit2.o
        12          4          0          0          0         68   sys_exit.o
        74          0          0          0          0         80   sys_stackheap_outer.o
         2          0          0          0          0         68   use_no_semi.o
        98          4          0          0          0         92   d2f.o
       688        140          0          0          0        208   ddiv.o
        46          0          0          0          0         68   dflt_clz.o
       340         12          0          0          0        104   dmul.o
       156          4          0          0          0         92   dnaninf.o
        12          0          0          0          0         68   dretinf.o
        86          4          0          0          0         84   f2d.o
       450          8          0          0          0        236   faddsub_clz.o
        24          0          0          0          0         68   fcmpi.o
       388         76          0          0          0         96   fdiv.o
        54          4          0          0          0         84   ffix.o
        62          4          0          0          0         84   ffixu.o
        48          0          0          0          0         68   fflt_clz.o
       104          4          0          0          0         84   fleqf.o
       258          4          0          0          0         84   fmul.o
       140          4          0          0          0         84   fnaninf.o
        10          0          0          0          0         68   fretinf.o
        98          0          0          0          0         68   frleqf.o
         0          0          0          0          0          0   usenofp.o

    ----------------------------------------------------------------------
      3520        284          0          0         96       2396   Library Totals
        18          0          0          0          0          0   (incl. Padding)

    ----------------------------------------------------------------------

      Code (inc. data)   RO Data    RW Data    ZI Data      Debug   Library Name

       440         16          0          0         96        656   c_w.l
      3062        268          0          0          0       1740   fz_ws.l

    ----------------------------------------------------------------------
      3520        284          0          0         96       2396   Library Totals

    ----------------------------------------------------------------------

==============================================================================


      Code (inc. data)   RO Data    RW Data    ZI Data      Debug   

     26978       2712        666       4492      16084     602270   Grand Totals
     26978       2712        666       3136      16084     602270   ELF Image Totals (compressed)
     26978       2712        666       3136          0          0   ROM Totals

==============================================================================

    Total RO  Size (Code + RO Data)                27644 (  27.00kB)
    Total RW  Size (RW Data + ZI Data)             20576 (  20.09kB)
    Total ROM Size (Code + RO Data + RW Data)      30780 (  30.06kB)

==============================================================================

