<html>
<body>
<pre>
<h1>µVision Build Log</h1>
<h2>Tool Versions:</h2>
IDE-Version: ¦ÌVision V5.14.0.0
Copyright (C) 2015 ARM Ltd and ARM Germany GmbH. All rights reserved.
License Information: guo dadytang, xjtu, LIC=3UUUH-W2CMY-HRNXN-YZ3U7-AMN3T-W293A
 
Tool Versions:
Toolchain:       MDK-ARM Professional  Version: 5.14.0.0
Toolchain Path:  D:\MDK5\ARM\ARMCC\Bin
C Compiler:      Armcc.exe V5.05 update 1 (build 106)
Assembler:       Armasm.exe V5.05 update 1 (build 106)
Linker/Locator:  ArmLink.exe V5.05 update 1 (build 106)
Library Manager: ArmAr.exe V5.05 update 1 (build 106)
Hex Converter:   FromElf.exe V5.05 update 1 (build 106)
CPU DLL:         SARMCM3.DLL V5.14.0.0
Dialog DLL:      DARMSTM.DLL V1.65.0.0
Target DLL:      STLink\ST-LINKIII-KEIL_SWO.dll V2.0.14.0_KEIL
Dialog DLL:      TARMSTM.DLL V1.64.0.0
 
<h2>Project:</h2>
D:\MDK5\AdjCompV4.1\USER\USER.uvprojx
Project File Date:  11/17/2020

<h2>Output:</h2>
Build target 'MCUSPI2'
compiling main.c...
compiling commo.c...
..\HARDWARE\COMMO\commo.c(357): warning:  #177-D: variable "test" was declared but never referenced
        float test;
..\HARDWARE\COMMO\commo.c(453): warning:  #940-D: missing return statement at end of non-void function "harGain"
  }
..\HARDWARE\COMMO\commo.c(642): warning:  #1134-D: literal treated as "long long"
    Poffset = (float)StandValue*EC*HFconst*2147483648*(-ERR)/(2.592*10000000000);
..\HARDWARE\COMMO\commo.c: 3 warnings, 0 errors
linking...
Program Size: Code=27026 RO-data=666 RW-data=4492 ZI-data=16284  
FromELF: creating hex file...
"..\thefirstest.axf" - 0 Error(s), 3 Warning(s).

<h2>Software Packages used:</h2>

Package Vendor: RealThread
                https://www.rt-thread.org/download/mdk/RealThread.RT-Thread.3.1.3.pack
                RealThread.RT-Thread::RTOS:kernel:3.1.3
                RT-Thread Software Components
   * Component: kernel Version: 3.1.3

<h2>Collection of Component include folders:</h2>
  D:\MDK5\AdjCompV4.1\USER\RTE
  D:\MDK5\AdjCompV4.1\USER\RTE\RTOS
  D:\MDK5\ARM\PACK\Keil\STM32F1xx_DFP\1.1.0\Device\Include
  D:\MDK5\ARM\PACK\RealThread\RT-Thread\3.1.3\include

<h2>Collection of Component Files used:</h2>

   * Component: RealThread.RT-Thread::RTOS:kernel:3.1.3
      Source file:   src\kservice.c
      Source file:   src\scheduler.c
      Source file:   src\thread.c
      Source file:   src\timer.c
      Source file:   libcpu\arm\cortex-m3\context_rvds.S
      Source file:   src\idle.c
      Include file:  bsp\rtconfig.h
      Source file:   src\ipc.c
      Source file:   libcpu\arm\cortex-m3\cpuport.c
      Source file:   src\components.c
      Source file:   src\irq.c
      Source file:   src\mem.c
      Source file:   src\object.c
      Source file:   bsp\board.c
      Source file:   src\clock.c
</pre>
</body>
</html>
